Archive member included to satisfy reference by file (symbol)

../../libDaisy//build/libdaisy.a(daisy_petal.o)
                              build/Pedal.o (daisy::DaisyPetal::StartAudio(void (*)(float const* const*, float**, unsigned int)))
../../libDaisy//build/libdaisy.a(daisy_seed.o)
                              ../../libDaisy//build/libdaisy.a(daisy_petal.o) (daisy::DaisySeed::Configure())
../../libDaisy//build/libdaisy.a(codec_ak4556.o)
                              ../../libDaisy//build/libdaisy.a(daisy_seed.o) (daisy::Ak4556::Init(dsy_gpio_pin))
../../libDaisy//build/libdaisy.a(codec_wm8731.o)
                              ../../libDaisy//build/libdaisy.a(daisy_seed.o) (daisy::Wm8731::Init(daisy::Wm8731::Config const&, daisy::I2CHandle))
../../libDaisy//build/libdaisy.a(sdram.o)
                              ../../libDaisy//build/libdaisy.a(daisy_seed.o) (SdramHandle::Init())
../../libDaisy//build/libdaisy.a(audio.o)
                              ../../libDaisy//build/libdaisy.a(daisy_seed.o) (daisy::AudioHandle::Init(daisy::AudioHandle::Config const&, daisy::SaiHandle))
../../libDaisy//build/libdaisy.a(ctrl.o)
                              ../../libDaisy//build/libdaisy.a(daisy_petal.o) (daisy::AnalogControl::Init(unsigned short*, float, bool, bool, float))
../../libDaisy//build/libdaisy.a(encoder.o)
                              ../../libDaisy//build/libdaisy.a(daisy_petal.o) (daisy::Encoder::Init(dsy_gpio_pin, dsy_gpio_pin, dsy_gpio_pin, float))
../../libDaisy//build/libdaisy.a(parameter.o)
                              build/Pedal.o (daisy::Parameter::Init(daisy::AnalogControl, float, float, daisy::Parameter::Curve))
../../libDaisy//build/libdaisy.a(switch.o)
                              ../../libDaisy//build/libdaisy.a(daisy_petal.o) (daisy::Switch::Init(dsy_gpio_pin, float))
../../libDaisy//build/libdaisy.a(adc.o)
                              ../../libDaisy//build/libdaisy.a(daisy_petal.o) (daisy::AdcChannelConfig::InitSingle(dsy_gpio_pin))
../../libDaisy//build/libdaisy.a(gpio.o)
                              ../../libDaisy//build/libdaisy.a(daisy_petal.o) (dsy_gpio_init)
../../libDaisy//build/libdaisy.a(i2c.o)
                              ../../libDaisy//build/libdaisy.a(daisy_petal.o) (daisy::I2CHandle::Init(daisy::I2CHandle::Config const&))
../../libDaisy//build/libdaisy.a(qspi.o)
                              ../../libDaisy//build/libdaisy.a(daisy_seed.o) (daisy::QSPIHandle::Init(daisy::QSPIHandle::Config const&))
../../libDaisy//build/libdaisy.a(sai.o)
                              ../../libDaisy//build/libdaisy.a(daisy_seed.o) (daisy::SaiHandle::Init(daisy::SaiHandle::Config const&))
../../libDaisy//build/libdaisy.a(system.o)
                              ../../libDaisy//build/libdaisy.a(daisy_seed.o) (daisy::System::DeInit())
../../libDaisy//build/libdaisy.a(system_stm32h7xx.o)
                              build/startup_stm32h750xx.o (SystemInit)
../../libDaisy//build/libdaisy.a(usbd_conf.o)
                              ../../libDaisy//build/libdaisy.a(system.o) (hpcd_USB_OTG_HS)
../../libDaisy//build/libdaisy.a(usbh_conf.o)
                              ../../libDaisy//build/libdaisy.a(system.o) (hhcd_USB_OTG_HS)
../../libDaisy//build/libdaisy.a(hal_map.o)
                              ../../libDaisy//build/libdaisy.a(gpio.o) (dsy_hal_map_get_port)
../../libDaisy//build/libdaisy.a(stm32h7xx_hal.o)
                              ../../libDaisy//build/libdaisy.a(system.o) (HAL_Init)
../../libDaisy//build/libdaisy.a(stm32h7xx_hal_adc.o)
                              ../../libDaisy//build/libdaisy.a(adc.o) (HAL_ADC_ConfigChannel)
../../libDaisy//build/libdaisy.a(stm32h7xx_hal_adc_ex.o)
                              ../../libDaisy//build/libdaisy.a(adc.o) (HAL_ADCEx_Calibration_Start)
../../libDaisy//build/libdaisy.a(stm32h7xx_hal_cortex.o)
                              ../../libDaisy//build/libdaisy.a(stm32h7xx_hal.o) (HAL_NVIC_SetPriorityGrouping)
../../libDaisy//build/libdaisy.a(stm32h7xx_hal_dma.o)
                              ../../libDaisy//build/libdaisy.a(adc.o) (HAL_DMA_Init)
../../libDaisy//build/libdaisy.a(stm32h7xx_hal_gpio.o)
                              ../../libDaisy//build/libdaisy.a(sdram.o) (HAL_GPIO_Init)
../../libDaisy//build/libdaisy.a(stm32h7xx_hal_hcd.o)
                              ../../libDaisy//build/libdaisy.a(usbh_conf.o) (HAL_HCD_HC_Init)
../../libDaisy//build/libdaisy.a(stm32h7xx_hal_i2c.o)
                              ../../libDaisy//build/libdaisy.a(i2c.o) (HAL_I2C_Init)
../../libDaisy//build/libdaisy.a(stm32h7xx_hal_i2c_ex.o)
                              ../../libDaisy//build/libdaisy.a(i2c.o) (HAL_I2CEx_ConfigAnalogFilter)
../../libDaisy//build/libdaisy.a(stm32h7xx_hal_pcd.o)
                              ../../libDaisy//build/libdaisy.a(usbd_conf.o) (HAL_PCD_Init)
../../libDaisy//build/libdaisy.a(stm32h7xx_hal_pcd_ex.o)
                              ../../libDaisy//build/libdaisy.a(usbd_conf.o) (HAL_PCDEx_SetTxFiFo)
[...]
Memory Configuration

Name             Origin             Length             Attributes
FLASH            0x0000000008000000 0x0000000000020000 xr
DTCMRAM          0x0000000020000000 0x0000000000020000 xrw
SRAM             0x0000000024000000 0x0000000000080000 xrw
RAM_D2           0x0000000030000000 0x0000000000048000 xrw
RAM_D3           0x0000000038000000 0x0000000000010000 xrw
ITCMRAM          0x0000000000000000 0x0000000000010000 xrw
SDRAM            0x00000000c0000000 0x0000000004000000 xrw
QSPIFLASH        0x0000000090000000 0x0000000000800000 xr
*default*        0x0000000000000000 0xffffffffffffffff

Linker script and memory map

LOAD /Library/DaisyToolchain/0.2.0/arm/bin/../lib/gcc/arm-none-eabi/10.3.1/thumb/v7e-m+dp/hard/crti.o
LOAD /Library/DaisyToolchain/0.2.0/arm/bin/../lib/gcc/arm-none-eabi/10.3.1/thumb/v7e-m+dp/hard/crtbegin.o
LOAD /Library/DaisyToolchain/0.2.0/arm/bin/../lib/gcc/arm-none-eabi/10.3.1/../../../../arm-none-eabi/lib/thumb/v7e-m+dp/hard/crt0.o
LOAD build/startup_stm32h750xx.o
LOAD build/Pedal.o
LOAD build/Delay.o
LOAD build/ToneFilter.o
LOAD build/TapTempo.o
LOAD ../../libDaisy//build/libdaisy.a
LOAD /Library/DaisyToolchain/0.2.0/arm/bin/../lib/gcc/arm-none-eabi/10.3.1/../../../../arm-none-eabi/lib/thumb/v7e-m+dp/hard/libnosys.a
LOAD ../../DaisySP//build/libdaisysp.a
LOAD /Library/DaisyToolchain/0.2.0/arm/bin/../lib/gcc/arm-none-eabi/10.3.1/../../../../arm-none-eabi/lib/thumb/v7e-m+dp/hard/libstdc++_nano.a
LOAD /Library/DaisyToolchain/0.2.0/arm/bin/../lib/gcc/arm-none-eabi/10.3.1/../../../../arm-none-eabi/lib/thumb/v7e-m+dp/hard/libm.a
LOAD /Library/DaisyToolchain/0.2.0/arm/bin/../lib/gcc/arm-none-eabi/10.3.1/../../../../arm-none-eabi/lib/thumb/v7e-m+dp/hard/libc_nano.a
START GROUP
LOAD /Library/DaisyToolchain/0.2.0/arm/bin/../lib/gcc/arm-none-eabi/10.3.1/thumb/v7e-m+dp/hard/libgcc.a
LOAD /Library/DaisyToolchain/0.2.0/arm/bin/../lib/gcc/arm-none-eabi/10.3.1/../../../../arm-none-eabi/lib/thumb/v7e-m+dp/hard/libc_nano.a
END GROUP
START GROUP
LOAD /Library/DaisyToolchain/0.2.0/arm/bin/../lib/gcc/arm-none-eabi/10.3.1/thumb/v7e-m+dp/hard/libgcc.a
LOAD /Library/DaisyToolchain/0.2.0/arm/bin/../lib/gcc/arm-none-eabi/10.3.1/../../../../arm-none-eabi/lib/thumb/v7e-m+dp/hard/libc_nano.a
LOAD /Library/DaisyToolchain/0.2.0/arm/bin/../lib/gcc/arm-none-eabi/10.3.1/../../../../arm-none-eabi/lib/thumb/v7e-m+dp/hard/libnosys.a
END GROUP
START GROUP
LOAD /Library/DaisyToolchain/0.2.0/arm/bin/../lib/gcc/arm-none-eabi/10.3.1/thumb/v7e-m+dp/hard/libgcc.a
LOAD /Library/DaisyToolchain/0.2.0/arm/bin/../lib/gcc/arm-none-eabi/10.3.1/../../../../arm-none-eabi/lib/thumb/v7e-m+dp/hard/libc_nano.a
LOAD /Library/DaisyToolchain/0.2.0/arm/bin/../lib/gcc/arm-none-eabi/10.3.1/../../../../arm-none-eabi/lib/thumb/v7e-m+dp/hard/libnosys.a
END GROUP
LOAD /Library/DaisyToolchain/0.2.0/arm/bin/../lib/gcc/arm-none-eabi/10.3.1/thumb/v7e-m+dp/hard/crtend.o
LOAD /Library/DaisyToolchain/0.2.0/arm/bin/../lib/gcc/arm-none-eabi/10.3.1/thumb/v7e-m+dp/hard/crtn.o
                0x0000000020020000                _estack = 0x20020000

.isr_vector     0x0000000008000000      0x298
                0x0000000008000000                . = ALIGN (0x4)
 *(.isr_vector)
 .isr_vector    0x0000000008000000      0x298 build/startup_stm32h750xx.o
                0x0000000008000000                g_pfnVectors
                0x0000000008000298                . = ALIGN (0x4)

.text           0x0000000008000298    0x14950
                0x0000000008000298                . = ALIGN (0x4)
                0x0000000008000298                _stext = .
 *(.text)
 .text          0x0000000008000298       0x40 /Library/DaisyToolchain/0.2.0/arm/bin/../lib/gcc/arm-none-eabi/10.3.1/thumb/v7e-m+dp/hard/crtbegin.o
 .text          0x00000000080002d8      0x378 /Library/DaisyToolchain/0.2.0/arm/bin/../lib/gcc/arm-none-eabi/10.3.1/thumb/v7e-m+dp/hard/libgcc.a(_arm_addsubdf3.o)
                0x00000000080002d8                __aeabi_drsub
                0x00000000080002e0                __subdf3
                0x00000000080002e0                __aeabi_dsub
                0x00000000080002e4                __aeabi_dadd
                0x00000000080002e4                __adddf3
                0x000000000800055c                __aeabi_ui2d
                0x000000000800055c                __floatunsidf
                0x000000000800057c                __floatsidf
                0x000000000800057c                __aeabi_i2d
                0x00000000080005a0                __extendsfdf2
                0x00000000080005a0                __aeabi_f2d
                0x00000000080005e4                __aeabi_ul2d
                0x00000000080005e4                __floatundidf
                0x00000000080005f4                __aeabi_l2d
                0x00000000080005f4                __floatdidf
 .text          0x0000000008000650       0x30 /Library/DaisyToolchain/0.2.0/arm/bin/../lib/gcc/arm-none-eabi/10.3.1/thumb/v7e-m+dp/hard/libgcc.a(_aeabi_uldivmod.o)
                0x0000000008000650                __aeabi_uldivmod
 .text          0x0000000008000680      0x2d0 /Library/DaisyToolchain/0.2.0/arm/bin/../lib/gcc/arm-none-eabi/10.3.1/thumb/v7e-m+dp/hard/libgcc.a(_udivmoddi4.o)
                0x0000000008000680                __udivmoddi4
 .text          0x0000000008000950        0x4 /Library/DaisyToolchain/0.2.0/arm/bin/../lib/gcc/arm-none-eabi/10.3.1/thumb/v7e-m+dp/hard/libgcc.a(_dvmd_tls.o)
                0x0000000008000950                __aeabi_ldiv0
                0x0000000008000950                __aeabi_idiv0
 *(.text*)
 .text.Default_Handler
                0x0000000008000954        0x4 build/startup_stm32h750xx.o
                0x0000000008000954                SAI1_IRQHandler
                0x0000000008000954                HASH_RNG_IRQHandler
                0x0000000008000954                EXTI2_IRQHandler
                0x0000000008000954                TIM8_CC_IRQHandler
                0x0000000008000954                HRTIM1_Master_IRQHandler
                0x0000000008000954                DebugMon_Handler
                0x0000000008000954                TIM1_CC_IRQHandler
                0x0000000008000954                BDMA_Channel6_IRQHandler
                0x0000000008000954                DMA2_Stream5_IRQHandler
                0x0000000008000954                HRTIM1_FLT_IRQHandler
                0x0000000008000954                JPEG_IRQHandler
                0x0000000008000954                BDMA_Channel1_IRQHandler
                0x0000000008000954                HRTIM1_TIMD_IRQHandler
                0x0000000008000954                TAMP_STAMP_IRQHandler
                0x0000000008000954                PendSV_Handler
                0x0000000008000954                NMI_Handler
                0x0000000008000954                EXTI3_IRQHandler
                0x0000000008000954                LPTIM4_IRQHandler
                0x0000000008000954                TIM8_TRG_COM_TIM14_IRQHandler
                0x0000000008000954                LPTIM2_IRQHandler
                0x0000000008000954                DFSDM1_FLT1_IRQHandler
                0x0000000008000954                DMAMUX2_OVR_IRQHandler
                0x0000000008000954                TIM8_UP_TIM13_IRQHandler
                0x0000000008000954                I2C3_ER_IRQHandler
                0x0000000008000954                DFSDM1_FLT2_IRQHandler
                0x0000000008000954                MDMA_IRQHandler
                0x0000000008000954                LPTIM3_IRQHandler
                0x0000000008000954                HSEM1_IRQHandler
                0x0000000008000954                EXTI0_IRQHandler
                0x0000000008000954                FPU_IRQHandler
                0x0000000008000954                OTG_HS_WKUP_IRQHandler
                0x0000000008000954                FDCAN1_IT1_IRQHandler
                0x0000000008000954                UsageFault_Handler
                0x0000000008000954                LTDC_ER_IRQHandler
                0x0000000008000954                HRTIM1_TIME_IRQHandler
                0x0000000008000954                TIM6_DAC_IRQHandler
                0x0000000008000954                DCMI_IRQHandler
                0x0000000008000954                HRTIM1_TIMC_IRQHandler
                0x0000000008000954                SAI2_IRQHandler
                0x0000000008000954                DFSDM1_FLT3_IRQHandler
                0x0000000008000954                TIM17_IRQHandler
                0x0000000008000954                CRYP_IRQHandler
                0x0000000008000954                BDMA_Channel7_IRQHandler
                0x0000000008000954                LPTIM5_IRQHandler
                0x0000000008000954                ADC3_IRQHandler
                0x0000000008000954                DMA2_Stream0_IRQHandler
                0x0000000008000954                BDMA_Channel2_IRQHandler
                0x0000000008000954                DMAMUX1_OVR_IRQHandler
                0x0000000008000954                TIM16_IRQHandler
                0x0000000008000954                BDMA_Channel5_IRQHandler
                0x0000000008000954                RCC_IRQHandler
                0x0000000008000954                TIM8_BRK_TIM12_IRQHandler
                0x0000000008000954                TIM1_TRG_COM_IRQHandler
                0x0000000008000954                Default_Handler
                0x0000000008000954                ECC_IRQHandler
                0x0000000008000954                CEC_IRQHandler
                0x0000000008000954                EXTI15_10_IRQHandler
                0x0000000008000954                BDMA_Channel0_IRQHandler
                0x0000000008000954                ADC_IRQHandler
                0x0000000008000954                DMA1_Stream7_IRQHandler
                0x0000000008000954                HRTIM1_TIMA_IRQHandler
                0x0000000008000954                TIM7_IRQHandler
                0x0000000008000954                SDMMC1_IRQHandler
                0x0000000008000954                DMA2_Stream7_IRQHandler
                0x0000000008000954                TIM15_IRQHandler
                0x0000000008000954                PVD_AVD_IRQHandler
                0x0000000008000954                EXTI9_5_IRQHandler
                0x0000000008000954                RTC_WKUP_IRQHandler
                0x0000000008000954                LTDC_IRQHandler
                0x0000000008000954                SAI3_IRQHandler
                0x0000000008000954                ETH_WKUP_IRQHandler
                0x0000000008000954                SPDIF_RX_IRQHandler
                0x0000000008000954                MemManage_Handler
                0x0000000008000954                SVC_Handler
                0x0000000008000954                CRS_IRQHandler
                0x0000000008000954                EXTI4_IRQHandler
                0x0000000008000954                HRTIM1_TIMB_IRQHandler
                0x0000000008000954                FDCAN2_IT1_IRQHandler
                0x0000000008000954                ETH_IRQHandler
                0x0000000008000954                TIM1_UP_IRQHandler
                0x0000000008000954                BDMA_Channel4_IRQHandler
                0x0000000008000954                WWDG_IRQHandler
                0x0000000008000954                SPI6_IRQHandler
                0x0000000008000954                I2C4_EV_IRQHandler
                0x0000000008000954                MDIOS_IRQHandler
                0x0000000008000954                FDCAN2_IT0_IRQHandler
                0x0000000008000954                FDCAN1_IT0_IRQHandler
                0x0000000008000954                OTG_FS_WKUP_IRQHandler
                0x0000000008000954                DMA2D_IRQHandler
                0x0000000008000954                TIM1_BRK_IRQHandler
                0x0000000008000954                EXTI1_IRQHandler
                0x0000000008000954                SDMMC2_IRQHandler
                0x0000000008000954                OTG_FS_EP1_OUT_IRQHandler
                0x0000000008000954                BDMA_Channel3_IRQHandler
                0x0000000008000954                MDIOS_WKUP_IRQHandler
                0x0000000008000954                DFSDM1_FLT0_IRQHandler
                0x0000000008000954                SAI4_IRQHandler
                0x0000000008000954                I2C2_ER_IRQHandler
                0x0000000008000954                DMA2_Stream1_IRQHandler
                0x0000000008000954                FLASH_IRQHandler
                0x0000000008000954                BusFault_Handler
                0x0000000008000954                OTG_FS_IRQHandler
                0x0000000008000954                WAKEUP_PIN_IRQHandler
                0x0000000008000954                OTG_FS_EP1_IN_IRQHandler
                0x0000000008000954                I2C1_ER_IRQHandler
                0x0000000008000954                FMC_IRQHandler
                0x0000000008000954                FDCAN_CAL_IRQHandler
                0x0000000008000954                SWPMI1_IRQHandler
                0x0000000008000954                COMP1_IRQHandler
                0x0000000008000954                LPTIM1_IRQHandler
                0x0000000008000954                I2C4_ER_IRQHandler
                0x0000000008000954                DMA2_Stream6_IRQHandler
                0x0000000008000954                RTC_Alarm_IRQHandler
 .text.Reset_Handler
                0x0000000008000958       0x44 build/startup_stm32h750xx.o
                0x0000000008000958                Reset_Handler
 .text._ZN5daisy9ParameterD2Ev
                0x000000000800099c        0x4 build/Pedal.o
                0x000000000800099c                daisy::Parameter::~Parameter()
                0x000000000800099c                daisy::Parameter::~Parameter()
 .text._ZN5daisy10DaisyPetalD2Ev
                0x00000000080009a0        0x4 build/Pedal.o
                0x00000000080009a0                daisy::DaisyPetal::~DaisyPetal()
                0x00000000080009a0                daisy::DaisyPetal::~DaisyPetal()
 .text._ZN7daisysp7BalanceD2Ev
                0x00000000080009a4        0x4 build/Pedal.o
                0x00000000080009a4                daisysp::Balance::~Balance()
                0x00000000080009a4                daisysp::Balance::~Balance()
 .text._ZN7daisysp9CrossFadeD2Ev
                0x00000000080009a8        0x4 build/Pedal.o
                0x00000000080009a8                daisysp::CrossFade::~CrossFade()
                0x00000000080009a8                daisysp::CrossFade::~CrossFade()
 .text._ZN10ToneFilterD2Ev
                0x00000000080009ac        0x4 build/Pedal.o
                0x00000000080009ac                ToneFilter::~ToneFilter()
                0x00000000080009ac                ToneFilter::~ToneFilter()
 .text.__tcf_0  0x00000000080009b0        0x4 build/Pedal.o
 .text._Z10initParamsv
                0x00000000080009b4       0x68 build/Pedal.o
                0x00000000080009b4                initParams()
 .text.startup.main
                0x0000000008000a1c       0x74 build/Pedal.o
                0x0000000008000a1c                main
 .text._Z15processControlsv
                0x0000000008000a90      0x198 build/Pedal.o
                0x0000000008000a90                processControls()
 .text._Z13AudioCallbackPKPKfPPfj
                0x0000000008000c28       0xd0 build/Pedal.o
                0x0000000008000c28                AudioCallback(float const* const*, float**, unsigned int)
 .text.startup._GLOBAL__sub_I_hw
                0x0000000008000cf8      0x104 build/Pedal.o
 .text._ZN5Delay9initDelayEPN7daisysp9DelayLineIfLj96000EEE
                0x0000000008000dfc       0x40 build/Delay.o
                0x0000000008000dfc                Delay::initDelay(daisysp::DelayLine<float, 96000u>*)
 .text._ZN5DelayC2Ev
                0x0000000008000e3c       0x20 build/Delay.o
                0x0000000008000e3c                Delay::Delay()
                0x0000000008000e3c                Delay::Delay()
 .text._ZN5Delay6setBPMEf
                0x0000000008000e5c        0x8 build/Delay.o
                0x0000000008000e5c                Delay::setBPM(float)
 .text._ZN5Delay11setFeedbackERKf
                0x0000000008000e64        0x8 build/Delay.o
                0x0000000008000e64                Delay::setFeedback(float const&)
 .text._ZN5Delay7processEf
                0x0000000008000e6c      0x11c build/Delay.o
                0x0000000008000e6c                Delay::process(float)
 .text._ZN5Delay10enableHeadERKi
                0x0000000008000f88        0xc build/Delay.o
                0x0000000008000f88                Delay::enableHead(int const&)
 .text._ZN5Delay11disableHeadERKi
                0x0000000008000f94        0xc build/Delay.o
                0x0000000008000f94                Delay::disableHead(int const&)
 .text._ZN10ToneFilterC2Ef
                0x0000000008000fa0       0x48 build/ToneFilter.o
                0x0000000008000fa0                ToneFilter::ToneFilter(float)
                0x0000000008000fa0                ToneFilter::ToneFilter(float)
 .text._ZN10ToneFilter7setFreqEf
                0x0000000008000fe8       0xac build/ToneFilter.o
                0x0000000008000fe8                ToneFilter::setFreq(float)
 .text._ZN10ToneFilter7processEf
                0x0000000008001094       0x40 build/ToneFilter.o
                0x0000000008001094                ToneFilter::process(float)
 .text._ZN10ToneFilter9getFactorEv
                0x00000000080010d4        0x8 build/ToneFilter.o
                0x00000000080010d4                ToneFilter::getFactor()
 *fill*         0x00000000080010dc        0x4 
 .text._ZN8TapTempo6getBPMEv
                0x00000000080010e0       0x20 build/TapTempo.o
                0x00000000080010e0                TapTempo::getBPM()
 .text._ZN8TapTempo6setBPMEf
                0x0000000008001100       0x18 build/TapTempo.o
                0x0000000008001100                TapTempo::setBPM(float)
 .text._ZN8TapTempo13addTapToChainEm
                0x0000000008001118       0xbc build/TapTempo.o
                0x0000000008001118                TapTempo::addTapToChain(unsigned long)
 .text._ZN8TapTempo3tapEm
                0x00000000080011d4       0x40 build/TapTempo.o
                0x00000000080011d4                TapTempo::tap(unsigned long)
 .text._ZN8TapTempo6updateEb
                0x0000000008001214       0x2c build/TapTempo.o
                0x0000000008001214                TapTempo::update(bool)
 .text._ZN5daisy16LedDriverPca9685ILi2ELb1EE14TxCpltCallbackEPvNS_9I2CHandle6ResultE
                0x0000000008001240       0x5c ../../libDaisy//build/libdaisy.a(daisy_petal.o)
                0x0000000008001240                daisy::LedDriverPca9685<2, true>::TxCpltCallback(void*, daisy::I2CHandle::Result)
 .text._ZN5daisy10DaisyPetal10StartAudioEPFvPKPKfPPfjE
                0x000000000800129c        0x4 ../../libDaisy//build/libdaisy.a(daisy_petal.o)
                0x000000000800129c                daisy::DaisyPetal::StartAudio(void (*)(float const* const*, float**, unsigned int))
 .text._ZN5daisy10DaisyPetal17SetAudioBlockSizeEj
                0x00000000080012a0       0x4c ../../libDaisy//build/libdaisy.a(daisy_petal.o)
                0x00000000080012a0                daisy::DaisyPetal::SetAudioBlockSize(unsigned int)
 .text._ZN5daisy10DaisyPetal18SetAudioSampleRateENS_9SaiHandle6Config10SampleRateE
                0x00000000080012ec       0x4c ../../libDaisy//build/libdaisy.a(daisy_petal.o)
                0x00000000080012ec                daisy::DaisyPetal::SetAudioSampleRate(daisy::SaiHandle::Config::SampleRate)
 .text._ZN5daisy10DaisyPetal15AudioSampleRateEv
                0x0000000008001338        0x4 ../../libDaisy//build/libdaisy.a(daisy_petal.o)
                0x0000000008001338                daisy::DaisyPetal::AudioSampleRate()
 .text._ZN5daisy10DaisyPetal8StartAdcEv
                0x000000000800133c        0x8 ../../libDaisy//build/libdaisy.a(daisy_petal.o)
                0x000000000800133c                daisy::DaisyPetal::StartAdc()
 .text._ZN5daisy10DaisyPetal21ProcessAnalogControlsEv
                0x0000000008001344       0x20 ../../libDaisy//build/libdaisy.a(daisy_petal.o)
                0x0000000008001344                daisy::DaisyPetal::ProcessAnalogControls()
 .text._ZN5daisy10DaisyPetal22ProcessDigitalControlsEv
                0x0000000008001364       0x20 ../../libDaisy//build/libdaisy.a(daisy_petal.o)
                0x0000000008001364                daisy::DaisyPetal::ProcessDigitalControls()
 .text._ZN5daisy10DaisyPetal9ClearLedsEv
                0x0000000008001384      0x1ac ../../libDaisy//build/libdaisy.a(daisy_petal.o)
                0x0000000008001384                daisy::DaisyPetal::ClearLeds()
 .text._ZN5daisy10DaisyPetal8InitLedsEv
                0x0000000008001530      0x2c0 ../../libDaisy//build/libdaisy.a(daisy_petal.o)
                0x0000000008001530                daisy::DaisyPetal::InitLeds()
 .text._ZN5daisy10DaisyPetal18InitAnalogControlsEv
                0x00000000080017f0      0x108 ../../libDaisy//build/libdaisy.a(daisy_petal.o)
                0x00000000080017f0                daisy::DaisyPetal::InitAnalogControls()
 .text._ZN5daisy10DaisyPetal4InitEb
                0x00000000080018f8       0xf4 ../../libDaisy//build/libdaisy.a(daisy_petal.o)
                0x00000000080018f8                daisy::DaisyPetal::Init(bool)
 .text.startup._GLOBAL__sub_I__ZN5daisy10DaisyPetal4InitEb
                0x00000000080019ec       0x18 ../../libDaisy//build/libdaisy.a(daisy_petal.o)
 .text._ZN5daisy9DaisySeed9ConfigureEv
                0x0000000008001a04        0x4 ../../libDaisy//build/libdaisy.a(daisy_seed.o)
                0x0000000008001a04                daisy::DaisySeed::Configure()
 .text._ZN5daisy9DaisySeed6GetPinEh
                0x0000000008001a08       0x2c ../../libDaisy//build/libdaisy.a(daisy_seed.o)
                0x0000000008001a08                daisy::DaisySeed::GetPin(unsigned char)
 .text._ZN5daisy9DaisySeed10StartAudioEPFvPKPKfPPfjE
                0x0000000008001a34        0x8 ../../libDaisy//build/libdaisy.a(daisy_seed.o)
                0x0000000008001a34                daisy::DaisySeed::StartAudio(void (*)(float const* const*, float**, unsigned int))
 .text._ZN5daisy9DaisySeed18SetAudioSampleRateENS_9SaiHandle6Config10SampleRateE
                0x0000000008001a3c       0x38 ../../libDaisy//build/libdaisy.a(daisy_seed.o)
                0x0000000008001a3c                daisy::DaisySeed::SetAudioSampleRate(daisy::SaiHandle::Config::SampleRate)
 .text._ZN5daisy9DaisySeed15AudioSampleRateEv
                0x0000000008001a74        0x8 ../../libDaisy//build/libdaisy.a(daisy_seed.o)
                0x0000000008001a74                daisy::DaisySeed::AudioSampleRate()
 .text._ZN5daisy9DaisySeed17SetAudioBlockSizeEj
                0x0000000008001a7c       0x38 ../../libDaisy//build/libdaisy.a(daisy_seed.o)
                0x0000000008001a7c                daisy::DaisySeed::SetAudioBlockSize(unsigned int)
 .text._ZNK5daisy9DaisySeed17AudioCallbackRateEv
                0x0000000008001ab4        0x8 ../../libDaisy//build/libdaisy.a(daisy_seed.o)
                0x0000000008001ab4                daisy::DaisySeed::AudioCallbackRate() const
 .text._ZN5daisy9DaisySeed14ConfigureAudioEv
                0x0000000008001abc       0xd0 ../../libDaisy//build/libdaisy.a(daisy_seed.o)
                0x0000000008001abc                daisy::DaisySeed::ConfigureAudio()
 .text._ZN5daisy9DaisySeed4InitEb
                0x0000000008001b8c       0xf0 ../../libDaisy//build/libdaisy.a(daisy_seed.o)
                0x0000000008001b8c                daisy::DaisySeed::Init(bool)
 .text._ZN5daisy6Ak45564InitE12dsy_gpio_pin
                0x0000000008001c7c       0x44 ../../libDaisy//build/libdaisy.a(codec_ak4556.o)
                0x0000000008001c7c                daisy::Ak4556::Init(dsy_gpio_pin)
 .text._ZN5daisy6Wm873120WriteControlRegisterEht
                0x0000000008001cc0       0x3c ../../libDaisy//build/libdaisy.a(codec_wm8731.o)
                0x0000000008001cc0                daisy::Wm8731::WriteControlRegister(unsigned char, unsigned short)
 .text._ZN5daisy6Wm87314InitERKNS0_6ConfigENS_9I2CHandleE
                0x0000000008001cfc      0x1bc ../../libDaisy//build/libdaisy.a(codec_wm8731.o)
                0x0000000008001cfc                daisy::Wm8731::Init(daisy::Wm8731::Config const&, daisy::I2CHandle)
 .text._ZN11SdramHandle10DeviceInitEv
                0x0000000008001eb8       0x98 ../../libDaisy//build/libdaisy.a(sdram.o)
                0x0000000008001eb8                SdramHandle::DeviceInit()
 .text._ZN11SdramHandle4InitEv
                0x0000000008001f50       0x7c ../../libDaisy//build/libdaisy.a(sdram.o)
                0x0000000008001f50                SdramHandle::Init()
 .text.HAL_SDRAM_MspInit
                0x0000000008001fcc      0x1a8 ../../libDaisy//build/libdaisy.a(sdram.o)
                0x0000000008001fcc                HAL_SDRAM_MspInit
 .text._ZN5daisy11AudioHandle4Impl16InternalCallbackEPlS2_j
                0x0000000008002174      0xbbc ../../libDaisy//build/libdaisy.a(audio.o)
                0x0000000008002174                daisy::AudioHandle::Impl::InternalCallback(long*, long*, unsigned int)
 .text._ZN5daisy11AudioHandle4InitERKNS0_6ConfigENS_9SaiHandleE
                0x0000000008002d30       0x70 ../../libDaisy//build/libdaisy.a(audio.o)
                0x0000000008002d30                daisy::AudioHandle::Init(daisy::AudioHandle::Config const&, daisy::SaiHandle)
 .text._ZNK5daisy11AudioHandle9GetConfigEv
                0x0000000008002da0        0x8 ../../libDaisy//build/libdaisy.a(audio.o)
                0x0000000008002da0                daisy::AudioHandle::GetConfig() const
 .text._ZN5daisy11AudioHandle12SetBlockSizeEj
                0x0000000008002da8       0x1c ../../libDaisy//build/libdaisy.a(audio.o)
                0x0000000008002da8                daisy::AudioHandle::SetBlockSize(unsigned int)
 .text._ZN5daisy11AudioHandle13GetSampleRateEv
                0x0000000008002dc4        0x8 ../../libDaisy//build/libdaisy.a(audio.o)
                0x0000000008002dc4                daisy::AudioHandle::GetSampleRate()
 .text._ZN5daisy11AudioHandle13SetSampleRateENS_9SaiHandle6Config10SampleRateE
                0x0000000008002dcc       0x88 ../../libDaisy//build/libdaisy.a(audio.o)
                0x0000000008002dcc                daisy::AudioHandle::SetSampleRate(daisy::SaiHandle::Config::SampleRate)
 .text._ZN5daisy11AudioHandle5StartEPFvPKPKfPPfjE
                0x0000000008002e54       0x44 ../../libDaisy//build/libdaisy.a(audio.o)
                0x0000000008002e54                daisy::AudioHandle::Start(void (*)(float const* const*, float**, unsigned int))
 .text.startup._GLOBAL__sub_I__ZN5daisy11AudioHandle4Impl4InitENS0_6ConfigENS_9SaiHandleE
                0x0000000008002e98       0x24 ../../libDaisy//build/libdaisy.a(audio.o)
 .text._ZN5daisy13AnalogControl4InitEPtfbbf
                0x0000000008002ebc       0x64 ../../libDaisy//build/libdaisy.a(ctrl.o)
                0x0000000008002ebc                daisy::AnalogControl::Init(unsigned short*, float, bool, bool, float)
 .text._ZN5daisy13AnalogControl7ProcessEv
                0x0000000008002f20       0x48 ../../libDaisy//build/libdaisy.a(ctrl.o)
                0x0000000008002f20                daisy::AnalogControl::Process()
 .text._ZN5daisy13AnalogControl13SetSampleRateEf
                0x0000000008002f68       0x58 ../../libDaisy//build/libdaisy.a(ctrl.o)
                0x0000000008002f68                daisy::AnalogControl::SetSampleRate(float)
 .text._ZN5daisy7Encoder4InitE12dsy_gpio_pinS1_S1_f
                0x0000000008002fc0       0x60 ../../libDaisy//build/libdaisy.a(encoder.o)
                0x0000000008002fc0                daisy::Encoder::Init(dsy_gpio_pin, dsy_gpio_pin, dsy_gpio_pin, float)
 .text._ZN5daisy7Encoder8DebounceEv
                0x0000000008003020       0x7c ../../libDaisy//build/libdaisy.a(encoder.o)
                0x0000000008003020                daisy::Encoder::Debounce()
 .text._ZN5daisy9Parameter4InitENS_13AnalogControlEffNS0_5CurveE
                0x000000000800309c       0x60 ../../libDaisy//build/libdaisy.a(parameter.o)
                0x000000000800309c                daisy::Parameter::Init(daisy::AnalogControl, float, float, daisy::Parameter::Curve)
 .text._ZN5daisy9Parameter7ProcessEv
                0x00000000080030fc       0xac ../../libDaisy//build/libdaisy.a(parameter.o)
                0x00000000080030fc                daisy::Parameter::Process()
 .text._ZN5daisy6Switch4InitE12dsy_gpio_pinf
                0x00000000080031a8       0x34 ../../libDaisy//build/libdaisy.a(switch.o)
                0x00000000080031a8                daisy::Switch::Init(dsy_gpio_pin, float)
 .text._ZN5daisy6Switch8DebounceEv
                0x00000000080031dc       0x5c ../../libDaisy//build/libdaisy.a(switch.o)
                0x00000000080031dc                daisy::Switch::Debounce()
 .text._ZN5daisy16AdcChannelConfig10InitSingleE12dsy_gpio_pin
                0x0000000008003238       0x1c ../../libDaisy//build/libdaisy.a(adc.o)
                0x0000000008003238                daisy::AdcChannelConfig::InitSingle(dsy_gpio_pin)
 .text._ZN5daisy9AdcHandle4InitEPNS_16AdcChannelConfigEjNS0_12OverSamplingE
                0x0000000008003254      0x3c8 ../../libDaisy//build/libdaisy.a(adc.o)
                0x0000000008003254                daisy::AdcHandle::Init(daisy::AdcChannelConfig*, unsigned int, daisy::AdcHandle::OverSampling)
 .text._ZN5daisy9AdcHandle5StartEv
                0x000000000800361c       0x2c ../../libDaisy//build/libdaisy.a(adc.o)
                0x000000000800361c                daisy::AdcHandle::Start()
 .text._ZNK5daisy9AdcHandle6GetPtrEh
                0x0000000008003648       0x14 ../../libDaisy//build/libdaisy.a(adc.o)
                0x0000000008003648                daisy::AdcHandle::GetPtr(unsigned char) const
 .text.HAL_ADC_MspInit
                0x000000000800365c       0x98 ../../libDaisy//build/libdaisy.a(adc.o)
                0x000000000800365c                HAL_ADC_MspInit
 .text.DMA1_Stream2_IRQHandler
                0x00000000080036f4        0xc ../../libDaisy//build/libdaisy.a(adc.o)
                0x00000000080036f4                DMA1_Stream2_IRQHandler
 .text.HAL_ADC_ConvCpltCallback
                0x0000000008003700      0x148 ../../libDaisy//build/libdaisy.a(adc.o)
                0x0000000008003700                HAL_ADC_ConvCpltCallback
 .text.HAL_ADC_ErrorCallback
                0x0000000008003848        0x4 ../../libDaisy//build/libdaisy.a(adc.o)
                0x0000000008003848                HAL_ADC_ErrorCallback
 .text.dsy_gpio_init
                0x000000000800384c      0x1b8 ../../libDaisy//build/libdaisy.a(gpio.o)
                0x000000000800384c                dsy_gpio_init
 .text.dsy_gpio_read
                0x0000000008003a04       0x1c ../../libDaisy//build/libdaisy.a(gpio.o)
                0x0000000008003a04                dsy_gpio_read
 .text.dsy_gpio_write
                0x0000000008003a20       0x24 ../../libDaisy//build/libdaisy.a(gpio.o)
                0x0000000008003a20                dsy_gpio_write
 .text._ZN5daisy9I2CHandle4Impl20StartDmaTransmissionEtPhtPFvPvNS0_6ResultEES3_
                0x0000000008003a44       0xe8 ../../libDaisy//build/libdaisy.a(i2c.o)
                0x0000000008003a44                daisy::I2CHandle::Impl::StartDmaTransmission(unsigned short, unsigned char*, unsigned short, void (*)(void*, daisy::I2CHandle::Result), void*)
 .text._ZN5daisy9I2CHandle4Impl17StartDmaReceptionEtPhtPFvPvNS0_6ResultEES3_
                0x0000000008003b2c       0xe4 ../../libDaisy//build/libdaisy.a(i2c.o)
                0x0000000008003b2c                daisy::I2CHandle::Impl::StartDmaReception(unsigned short, unsigned char*, unsigned short, void (*)(void*, daisy::I2CHandle::Result), void*)
 .text._ZN5daisy9I2CHandle4Impl8InitPinsEv
                0x0000000008003c10       0x58 ../../libDaisy//build/libdaisy.a(i2c.o)
                0x0000000008003c10                daisy::I2CHandle::Impl::InitPins()
 .text.HAL_I2C_MspInit
                0x0000000008003c68      0x1b4 ../../libDaisy//build/libdaisy.a(i2c.o)
                0x0000000008003c68                HAL_I2C_MspInit
 .text.dsy_i2c_global_init
                0x0000000008003e1c       0x78 ../../libDaisy//build/libdaisy.a(i2c.o)
                0x0000000008003e1c                dsy_i2c_global_init
 .text.DMA1_Stream6_IRQHandler
                0x0000000008003e94       0x34 ../../libDaisy//build/libdaisy.a(i2c.o)
                0x0000000008003e94                DMA1_Stream6_IRQHandler
 .text.I2C1_EV_IRQHandler
                0x0000000008003ec8        0xc ../../libDaisy//build/libdaisy.a(i2c.o)
                0x0000000008003ec8                I2C1_EV_IRQHandler
 .text.I2C2_EV_IRQHandler
                0x0000000008003ed4        0xc ../../libDaisy//build/libdaisy.a(i2c.o)
                0x0000000008003ed4                I2C2_EV_IRQHandler
 .text.I2C3_EV_IRQHandler
                0x0000000008003ee0        0xc ../../libDaisy//build/libdaisy.a(i2c.o)
                0x0000000008003ee0                I2C3_EV_IRQHandler
 .text.HAL_I2C_MasterTxCpltCallback
                0x0000000008003eec       0x94 ../../libDaisy//build/libdaisy.a(i2c.o)
                0x0000000008003eec                HAL_I2C_MasterTxCpltCallback
 .text.HAL_I2C_MasterRxCpltCallback
                0x0000000008003f80       0x94 ../../libDaisy//build/libdaisy.a(i2c.o)
                0x0000000008003f80                HAL_I2C_MasterRxCpltCallback
 .text.HAL_I2C_SlaveTxCpltCallback
                0x0000000008004014       0x94 ../../libDaisy//build/libdaisy.a(i2c.o)
                0x0000000008004014                HAL_I2C_SlaveTxCpltCallback
 .text.HAL_I2C_SlaveRxCpltCallback
                0x00000000080040a8       0x94 ../../libDaisy//build/libdaisy.a(i2c.o)
                0x00000000080040a8                HAL_I2C_SlaveRxCpltCallback
 .text.HAL_I2C_ErrorCallback
                0x000000000800413c       0x9c ../../libDaisy//build/libdaisy.a(i2c.o)
                0x000000000800413c                HAL_I2C_ErrorCallback
 .text._ZN5daisy9I2CHandle4InitERKNS0_6ConfigE
                0x00000000080041d8      0x12c ../../libDaisy//build/libdaisy.a(i2c.o)
                0x00000000080041d8                daisy::I2CHandle::Init(daisy::I2CHandle::Config const&)
 .text._ZNK5daisy9I2CHandle9GetConfigEv
                0x0000000008004304        0x4 ../../libDaisy//build/libdaisy.a(i2c.o)
                0x0000000008004304                daisy::I2CHandle::GetConfig() const
 .text._ZN5daisy9I2CHandle16TransmitBlockingEtPhtm
                0x0000000008004308       0x50 ../../libDaisy//build/libdaisy.a(i2c.o)
                0x0000000008004308                daisy::I2CHandle::TransmitBlocking(unsigned short, unsigned char*, unsigned short, unsigned long)
 .text._ZN5daisy9I2CHandle11TransmitDmaEtPhtPFvPvNS0_6ResultEES2_
                0x0000000008004358       0x64 ../../libDaisy//build/libdaisy.a(i2c.o)
                0x0000000008004358                daisy::I2CHandle::TransmitDma(unsigned short, unsigned char*, unsigned short, void (*)(void*, daisy::I2CHandle::Result), void*)
 .text.startup._GLOBAL__sub_I__ZN5daisy9I2CHandle4Impl10GlobalInitEv
                0x00000000080043bc       0x18 ../../libDaisy//build/libdaisy.a(i2c.o)
 .text._ZN5daisy10QSPIHandle4Impl11WriteEnableEv
                0x00000000080043d4       0x8c ../../libDaisy//build/libdaisy.a(qspi.o)
                0x00000000080043d4                daisy::QSPIHandle::Impl::WriteEnable()
 .text._ZN5daisy10QSPIHandle4Impl17DummyCyclesConfigENS0_6Config6DeviceE
                0x0000000008004460      0x118 ../../libDaisy//build/libdaisy.a(qspi.o)
                0x0000000008004460                daisy::QSPIHandle::Impl::DummyCyclesConfig(daisy::QSPIHandle::Config::Device)
 .text._ZN5daisy10QSPIHandle4Impl10QuadEnableEv
                0x0000000008004578      0x158 ../../libDaisy//build/libdaisy.a(qspi.o)
                0x0000000008004578                daisy::QSPIHandle::Impl::QuadEnable()
 .text._ZN5daisy10QSPIHandle4InitERKNS0_6ConfigE
                0x00000000080046d0      0x198 ../../libDaisy//build/libdaisy.a(qspi.o)
                0x00000000080046d0                daisy::QSPIHandle::Init(daisy::QSPIHandle::Config const&)
 .text.HAL_QSPI_MspInit
                0x0000000008004868      0x11c ../../libDaisy//build/libdaisy.a(qspi.o)
                0x0000000008004868                HAL_QSPI_MspInit
 .text.HAL_QSPI_MspDeInit
                0x0000000008004984       0x54 ../../libDaisy//build/libdaisy.a(qspi.o)
                0x0000000008004984                HAL_QSPI_MspDeInit
 .text.QUADSPI_IRQHandler
                0x00000000080049d8        0xc ../../libDaisy//build/libdaisy.a(qspi.o)
                0x00000000080049d8                QUADSPI_IRQHandler
 .text.startup._GLOBAL__sub_I__ZN5daisy10QSPIHandle4Impl4InitERKNS0_6ConfigE
                0x00000000080049e4       0x28 ../../libDaisy//build/libdaisy.a(qspi.o)
 .text._ZN5daisy9SaiHandle4Impl7InitDmaENS1_15PeripheralBlockE
                0x0000000008004a0c       0xa0 ../../libDaisy//build/libdaisy.a(sai.o)
                0x0000000008004a0c                daisy::SaiHandle::Impl::InitDma(daisy::SaiHandle::Impl::PeripheralBlock)
 .text._ZN5daisy9SaiHandle4Impl8InitPinsEv
                0x0000000008004aac       0xa8 ../../libDaisy//build/libdaisy.a(sai.o)
                0x0000000008004aac                daisy::SaiHandle::Impl::InitPins()
 .text.HAL_SAI_MspInit
                0x0000000008004b54      0x164 ../../libDaisy//build/libdaisy.a(sai.o)
                0x0000000008004b54                HAL_SAI_MspInit
 .text.DMA1_Stream0_IRQHandler
                0x0000000008004cb8        0xc ../../libDaisy//build/libdaisy.a(sai.o)
                0x0000000008004cb8                DMA1_Stream0_IRQHandler
 .text.DMA1_Stream1_IRQHandler
                0x0000000008004cc4        0xc ../../libDaisy//build/libdaisy.a(sai.o)
                0x0000000008004cc4                DMA1_Stream1_IRQHandler
 .text.DMA1_Stream3_IRQHandler
                0x0000000008004cd0        0xc ../../libDaisy//build/libdaisy.a(sai.o)
                0x0000000008004cd0                DMA1_Stream3_IRQHandler
 .text.DMA1_Stream4_IRQHandler
                0x0000000008004cdc        0xc ../../libDaisy//build/libdaisy.a(sai.o)
                0x0000000008004cdc                DMA1_Stream4_IRQHandler
 .text.HAL_SAI_RxHalfCpltCallback
                0x0000000008004ce8       0x78 ../../libDaisy//build/libdaisy.a(sai.o)
                0x0000000008004ce8                HAL_SAI_RxHalfCpltCallback
 .text.HAL_SAI_RxCpltCallback
                0x0000000008004d60       0x70 ../../libDaisy//build/libdaisy.a(sai.o)
                0x0000000008004d60                HAL_SAI_RxCpltCallback
 .text._ZN5daisy9SaiHandle4InitERKNS0_6ConfigE
                0x0000000008004dd0      0x1f0 ../../libDaisy//build/libdaisy.a(sai.o)
                0x0000000008004dd0                daisy::SaiHandle::Init(daisy::SaiHandle::Config const&)
 .text._ZNK5daisy9SaiHandle9GetConfigEv
                0x0000000008004fc0        0x4 ../../libDaisy//build/libdaisy.a(sai.o)
                0x0000000008004fc0                daisy::SaiHandle::GetConfig() const
 .text._ZN5daisy9SaiHandle8StartDmaEPlS1_jPFvS1_S1_jE
                0x0000000008004fc4       0xbc ../../libDaisy//build/libdaisy.a(sai.o)
                0x0000000008004fc4                daisy::SaiHandle::StartDma(long*, long*, unsigned int, void (*)(long*, long*, unsigned int))
 .text._ZN5daisy9SaiHandle13GetSampleRateEv
                0x0000000008005080       0x24 ../../libDaisy//build/libdaisy.a(sai.o)
                0x0000000008005080                daisy::SaiHandle::GetSampleRate()
 .text._ZNK5daisy9SaiHandle9GetOffsetEv
                0x00000000080050a4        0x8 ../../libDaisy//build/libdaisy.a(sai.o)
                0x00000000080050a4                daisy::SaiHandle::GetOffset() const
 .text._ZN5daisy11TimerHandleD2Ev
                0x00000000080050ac        0x4 ../../libDaisy//build/libdaisy.a(system.o)
                0x00000000080050ac                daisy::TimerHandle::~TimerHandle()
                0x00000000080050ac                daisy::TimerHandle::~TimerHandle()
 .text.SysTick_Handler
                0x00000000080050b0       0x10 ../../libDaisy//build/libdaisy.a(system.o)
                0x00000000080050b0                SysTick_Handler
 .text.OTG_HS_EP1_OUT_IRQHandler
                0x00000000080050c0       0x24 ../../libDaisy//build/libdaisy.a(system.o)
                0x00000000080050c0                OTG_HS_EP1_OUT_IRQHandler
 .text.OTG_HS_EP1_IN_IRQHandler
                0x00000000080050e4       0x24 ../../libDaisy//build/libdaisy.a(system.o)
                0x00000000080050e4                OTG_HS_EP1_IN_IRQHandler
 .text.OTG_HS_IRQHandler
                0x0000000008005108       0x24 ../../libDaisy//build/libdaisy.a(system.o)
                0x0000000008005108                OTG_HS_IRQHandler
 .text.HardFault_Handler
                0x000000000800512c       0xe0 ../../libDaisy//build/libdaisy.a(system.o)
                0x000000000800512c                HardFault_Handler
 .text._ZN5daisy6System6GetNowEv
                0x000000000800520c        0x4 ../../libDaisy//build/libdaisy.a(system.o)
                0x000000000800520c                daisy::System::GetNow()
 .text._ZN5daisy6System5DelayEm
                0x0000000008005210        0x4 ../../libDaisy//build/libdaisy.a(system.o)
                0x0000000008005210                daisy::System::Delay(unsigned long)
 .text._ZN5daisy6System15ConfigureClocksEv
                0x0000000008005214      0x194 ../../libDaisy//build/libdaisy.a(system.o)
                0x0000000008005214                daisy::System::ConfigureClocks()
 .text._ZN5daisy6System4InitERKNS0_6ConfigE
                0x00000000080053a8      0x140 ../../libDaisy//build/libdaisy.a(system.o)
                0x00000000080053a8                daisy::System::Init(daisy::System::Config const&)
 .text._ZN5daisy6System12GetPClk1FreqEv
                0x00000000080054e8        0x4 ../../libDaisy//build/libdaisy.a(system.o)
                0x00000000080054e8                daisy::System::GetPClk1Freq()
 .text._ZN5daisy6System22GetProgramMemoryRegionEv
                0x00000000080054ec       0x78 ../../libDaisy//build/libdaisy.a(system.o)
                0x00000000080054ec                daisy::System::GetProgramMemoryRegion()
 .text.startup._GLOBAL__sub_I_SysTick_Handler
                0x0000000008005564       0x1c ../../libDaisy//build/libdaisy.a(system.o)
 .text.SystemInit
                0x0000000008005580       0x9c ../../libDaisy//build/libdaisy.a(system_stm32h7xx.o)
                0x0000000008005580                SystemInit
 .text.HAL_PCD_SetupStageCallback
                0x000000000800561c        0xc ../../libDaisy//build/libdaisy.a(usbd_conf.o)
                0x000000000800561c                HAL_PCD_SetupStageCallback
 .text.HAL_PCD_DataOutStageCallback
                0x0000000008005628       0x14 ../../libDaisy//build/libdaisy.a(usbd_conf.o)
                0x0000000008005628                HAL_PCD_DataOutStageCallback
 .text.HAL_PCD_DataInStageCallback
                0x000000000800563c       0x14 ../../libDaisy//build/libdaisy.a(usbd_conf.o)
                0x000000000800563c                HAL_PCD_DataInStageCallback
 .text.HAL_PCD_SOFCallback
                0x0000000008005650        0x8 ../../libDaisy//build/libdaisy.a(usbd_conf.o)
                0x0000000008005650                HAL_PCD_SOFCallback
 .text.HAL_PCD_ResetCallback
                0x0000000008005658       0x24 ../../libDaisy//build/libdaisy.a(usbd_conf.o)
                0x0000000008005658                HAL_PCD_ResetCallback
 .text.HAL_PCD_SuspendCallback
                0x000000000800567c       0x30 ../../libDaisy//build/libdaisy.a(usbd_conf.o)
                0x000000000800567c                HAL_PCD_SuspendCallback
 .text.HAL_PCD_ResumeCallback
                0x00000000080056ac        0x8 ../../libDaisy//build/libdaisy.a(usbd_conf.o)
                0x00000000080056ac                HAL_PCD_ResumeCallback
 .text.HAL_PCD_ISOOUTIncompleteCallback
                0x00000000080056b4        0x8 ../../libDaisy//build/libdaisy.a(usbd_conf.o)
                0x00000000080056b4                HAL_PCD_ISOOUTIncompleteCallback
 .text.HAL_PCD_ISOINIncompleteCallback
                0x00000000080056bc        0x8 ../../libDaisy//build/libdaisy.a(usbd_conf.o)
                0x00000000080056bc                HAL_PCD_ISOINIncompleteCallback
 .text.HAL_PCD_ConnectCallback
                0x00000000080056c4        0x8 ../../libDaisy//build/libdaisy.a(usbd_conf.o)
                0x00000000080056c4                HAL_PCD_ConnectCallback
 .text.HAL_PCD_DisconnectCallback
                0x00000000080056cc        0x8 ../../libDaisy//build/libdaisy.a(usbd_conf.o)
                0x00000000080056cc                HAL_PCD_DisconnectCallback
 .text.USBD_LL_OpenEP
                0x00000000080056d4       0x24 ../../libDaisy//build/libdaisy.a(usbd_conf.o)
                0x00000000080056d4                USBD_LL_OpenEP
 .text.USBD_LL_StallEP
                0x00000000080056f8       0x1c ../../libDaisy//build/libdaisy.a(usbd_conf.o)
                0x00000000080056f8                USBD_LL_StallEP
 .text.USBD_LL_ClearStallEP
                0x0000000008005714       0x1c ../../libDaisy//build/libdaisy.a(usbd_conf.o)
                0x0000000008005714                USBD_LL_ClearStallEP
 .text.USBD_LL_IsStallEP
                0x0000000008005730       0x28 ../../libDaisy//build/libdaisy.a(usbd_conf.o)
                0x0000000008005730                USBD_LL_IsStallEP
 .text.USBD_LL_SetUSBAddress
                0x0000000008005758       0x1c ../../libDaisy//build/libdaisy.a(usbd_conf.o)
                0x0000000008005758                USBD_LL_SetUSBAddress
 .text.USBD_LL_Transmit
                0x0000000008005774       0x1c ../../libDaisy//build/libdaisy.a(usbd_conf.o)
                0x0000000008005774                USBD_LL_Transmit
 .text.USBD_LL_PrepareReceive
                0x0000000008005790       0x1c ../../libDaisy//build/libdaisy.a(usbd_conf.o)
                0x0000000008005790                USBD_LL_PrepareReceive
 .text.HAL_HCD_SOF_Callback
                0x00000000080057ac        0x8 ../../libDaisy//build/libdaisy.a(usbh_conf.o)
                0x00000000080057ac                HAL_HCD_SOF_Callback
 .text.HAL_HCD_Connect_Callback
                0x00000000080057b4        0x8 ../../libDaisy//build/libdaisy.a(usbh_conf.o)
                0x00000000080057b4                HAL_HCD_Connect_Callback
 .text.HAL_HCD_Disconnect_Callback
                0x00000000080057bc        0x8 ../../libDaisy//build/libdaisy.a(usbh_conf.o)
                0x00000000080057bc                HAL_HCD_Disconnect_Callback
 .text.HAL_HCD_HC_NotifyURBChange_Callback
                0x00000000080057c4        0x4 ../../libDaisy//build/libdaisy.a(usbh_conf.o)
                0x00000000080057c4                HAL_HCD_HC_NotifyURBChange_Callback
 .text.HAL_HCD_PortEnabled_Callback
                0x00000000080057c8        0x8 ../../libDaisy//build/libdaisy.a(usbh_conf.o)
                0x00000000080057c8                HAL_HCD_PortEnabled_Callback
 .text.HAL_HCD_PortDisabled_Callback
                0x00000000080057d0        0x8 ../../libDaisy//build/libdaisy.a(usbh_conf.o)
                0x00000000080057d0                HAL_HCD_PortDisabled_Callback
 .text.USBH_LL_Stop
                0x00000000080057d8       0x1c ../../libDaisy//build/libdaisy.a(usbh_conf.o)
                0x00000000080057d8                USBH_LL_Stop
 .text.dsy_hal_map_get_port
                0x00000000080057f4       0x10 ../../libDaisy//build/libdaisy.a(hal_map.o)
                0x00000000080057f4                dsy_hal_map_get_port
 .text.dsy_hal_map_get_pin
                0x0000000008005804       0x10 ../../libDaisy//build/libdaisy.a(hal_map.o)
                0x0000000008005804                dsy_hal_map_get_pin
 .text.dsy_hal_map_gpio_clk_enable
                0x0000000008005814      0x150 ../../libDaisy//build/libdaisy.a(hal_map.o)
                0x0000000008005814                dsy_hal_map_gpio_clk_enable
 .text.HAL_MspInit
                0x0000000008005964        0x4 ../../libDaisy//build/libdaisy.a(stm32h7xx_hal.o)
                0x0000000008005964                HAL_MspInit
 .text.HAL_InitTick
                0x0000000008005968       0x4c ../../libDaisy//build/libdaisy.a(stm32h7xx_hal.o)
                0x0000000008005968                HAL_InitTick
 .text.HAL_Init
                0x00000000080059b4       0x60 ../../libDaisy//build/libdaisy.a(stm32h7xx_hal.o)
                0x00000000080059b4                HAL_Init
 .text.HAL_IncTick
                0x0000000008005a14       0x18 ../../libDaisy//build/libdaisy.a(stm32h7xx_hal.o)
                0x0000000008005a14                HAL_IncTick
 .text.HAL_GetTick
                0x0000000008005a2c        0xc ../../libDaisy//build/libdaisy.a(stm32h7xx_hal.o)
                0x0000000008005a2c                HAL_GetTick
 .text.HAL_Delay
                0x0000000008005a38       0x24 ../../libDaisy//build/libdaisy.a(stm32h7xx_hal.o)
                0x0000000008005a38                HAL_Delay
 .text.HAL_GetREVID
                0x0000000008005a5c        0xc ../../libDaisy//build/libdaisy.a(stm32h7xx_hal.o)
                0x0000000008005a5c                HAL_GetREVID
 .text.HAL_ADC_ConvHalfCpltCallback
                0x0000000008005a68        0x4 ../../libDaisy//build/libdaisy.a(stm32h7xx_hal_adc.o)
                0x0000000008005a68                HAL_ADC_ConvHalfCpltCallback
 .text.ADC_DMAHalfConvCplt
                0x0000000008005a6c        0xc ../../libDaisy//build/libdaisy.a(stm32h7xx_hal_adc.o)
                0x0000000008005a6c                ADC_DMAHalfConvCplt
 .text.ADC_DMAConvCplt
                0x0000000008005a78       0x6c ../../libDaisy//build/libdaisy.a(stm32h7xx_hal_adc.o)
                0x0000000008005a78                ADC_DMAConvCplt
 .text.ADC_DMAError
                0x0000000008005ae4       0x1c ../../libDaisy//build/libdaisy.a(stm32h7xx_hal_adc.o)
                0x0000000008005ae4                ADC_DMAError
 .text.HAL_ADC_ConfigChannel
                0x0000000008005b00      0x3fc ../../libDaisy//build/libdaisy.a(stm32h7xx_hal_adc.o)
                0x0000000008005b00                HAL_ADC_ConfigChannel
 .text.ADC_Enable
                0x0000000008005efc       0xac ../../libDaisy//build/libdaisy.a(stm32h7xx_hal_adc.o)
                0x0000000008005efc                ADC_Enable
 .text.HAL_ADC_Start_DMA
                0x0000000008005fa8      0x114 ../../libDaisy//build/libdaisy.a(stm32h7xx_hal_adc.o)
                0x0000000008005fa8                HAL_ADC_Start_DMA
 .text.ADC_Disable
                0x00000000080060bc       0x68 ../../libDaisy//build/libdaisy.a(stm32h7xx_hal_adc.o)
                0x00000000080060bc                ADC_Disable
 .text.ADC_ConfigureBoostMode
                0x0000000008006124      0x184 ../../libDaisy//build/libdaisy.a(stm32h7xx_hal_adc.o)
                0x0000000008006124                ADC_ConfigureBoostMode
 .text.HAL_ADC_Init
                0x00000000080062a8      0x218 ../../libDaisy//build/libdaisy.a(stm32h7xx_hal_adc.o)
                0x00000000080062a8                HAL_ADC_Init
 .text.HAL_ADCEx_Calibration_Start
                0x00000000080064c0       0xa4 ../../libDaisy//build/libdaisy.a(stm32h7xx_hal_adc_ex.o)
                0x00000000080064c0                HAL_ADCEx_Calibration_Start
 .text.HAL_ADCEx_MultiModeConfigChannel
                0x0000000008006564       0xc4 ../../libDaisy//build/libdaisy.a(stm32h7xx_hal_adc_ex.o)
                0x0000000008006564                HAL_ADCEx_MultiModeConfigChannel
 .text.HAL_NVIC_SetPriorityGrouping
                0x0000000008006628       0x24 ../../libDaisy//build/libdaisy.a(stm32h7xx_hal_cortex.o)
                0x0000000008006628                HAL_NVIC_SetPriorityGrouping
 .text.HAL_NVIC_SetPriority
                0x000000000800664c       0x7c ../../libDaisy//build/libdaisy.a(stm32h7xx_hal_cortex.o)
                0x000000000800664c                HAL_NVIC_SetPriority
 .text.HAL_NVIC_EnableIRQ
                0x00000000080066c8       0x1c ../../libDaisy//build/libdaisy.a(stm32h7xx_hal_cortex.o)
                0x00000000080066c8                HAL_NVIC_EnableIRQ
 .text.HAL_NVIC_DisableIRQ
                0x00000000080066e4       0x28 ../../libDaisy//build/libdaisy.a(stm32h7xx_hal_cortex.o)
                0x00000000080066e4                HAL_NVIC_DisableIRQ
 .text.HAL_SYSTICK_Config
                0x000000000800670c       0x2c ../../libDaisy//build/libdaisy.a(stm32h7xx_hal_cortex.o)
                0x000000000800670c                HAL_SYSTICK_Config
 .text.HAL_MPU_Disable
                0x0000000008006738       0x1c ../../libDaisy//build/libdaisy.a(stm32h7xx_hal_cortex.o)
                0x0000000008006738                HAL_MPU_Disable
 .text.HAL_MPU_Enable
                0x0000000008006754       0x20 ../../libDaisy//build/libdaisy.a(stm32h7xx_hal_cortex.o)
                0x0000000008006754                HAL_MPU_Enable
 .text.HAL_MPU_ConfigRegion
                0x0000000008006774       0x64 ../../libDaisy//build/libdaisy.a(stm32h7xx_hal_cortex.o)
                0x0000000008006774                HAL_MPU_ConfigRegion
 .text.HAL_SYSTICK_Callback
                0x00000000080067d8        0x4 ../../libDaisy//build/libdaisy.a(stm32h7xx_hal_cortex.o)
                0x00000000080067d8                HAL_SYSTICK_Callback
 .text.HAL_SYSTICK_IRQHandler
                0x00000000080067dc        0x8 ../../libDaisy//build/libdaisy.a(stm32h7xx_hal_cortex.o)
                0x00000000080067dc                HAL_SYSTICK_IRQHandler
 .text.DMA_CalcBaseAndBitshift
                0x00000000080067e4       0xf4 ../../libDaisy//build/libdaisy.a(stm32h7xx_hal_dma.o)
 .text.DMA_CalcDMAMUXChannelBaseAndMask
                0x00000000080068d8       0xd8 ../../libDaisy//build/libdaisy.a(stm32h7xx_hal_dma.o)
 .text.HAL_DMA_Init
                0x00000000080069b0      0x37c ../../libDaisy//build/libdaisy.a(stm32h7xx_hal_dma.o)
                0x00000000080069b0                HAL_DMA_Init
 .text.HAL_DMA_Start_IT
                0x0000000008006d2c      0x240 ../../libDaisy//build/libdaisy.a(stm32h7xx_hal_dma.o)
                0x0000000008006d2c                HAL_DMA_Start_IT
 .text.HAL_DMA_Abort_IT
                0x0000000008006f6c      0x134 ../../libDaisy//build/libdaisy.a(stm32h7xx_hal_dma.o)
                0x0000000008006f6c                HAL_DMA_Abort_IT
 .text.HAL_DMA_IRQHandler
                0x00000000080070a0      0x6a0 ../../libDaisy//build/libdaisy.a(stm32h7xx_hal_dma.o)
                0x00000000080070a0                HAL_DMA_IRQHandler
 .text.HAL_DMA_GetError
                0x0000000008007740        0x4 ../../libDaisy//build/libdaisy.a(stm32h7xx_hal_dma.o)
                0x0000000008007740                HAL_DMA_GetError
 .text.HAL_GPIO_Init
                0x0000000008007744      0x280 ../../libDaisy//build/libdaisy.a(stm32h7xx_hal_gpio.o)
                0x0000000008007744                HAL_GPIO_Init
 .text.HAL_GPIO_DeInit
                0x00000000080079c4      0x190 ../../libDaisy//build/libdaisy.a(stm32h7xx_hal_gpio.o)
                0x00000000080079c4                HAL_GPIO_DeInit
 .text.HAL_GPIO_ReadPin
                0x0000000008007b54        0xc ../../libDaisy//build/libdaisy.a(stm32h7xx_hal_gpio.o)
                0x0000000008007b54                HAL_GPIO_ReadPin
 .text.HAL_GPIO_WritePin
                0x0000000008007b60        0x8 ../../libDaisy//build/libdaisy.a(stm32h7xx_hal_gpio.o)
                0x0000000008007b60                HAL_GPIO_WritePin
 .text.HAL_HCD_IRQHandler
                0x0000000008007b68      0x780 ../../libDaisy//build/libdaisy.a(stm32h7xx_hal_hcd.o)
                0x0000000008007b68                HAL_HCD_IRQHandler
 .text.HAL_HCD_Stop
                0x00000000080082e8       0x28 ../../libDaisy//build/libdaisy.a(stm32h7xx_hal_hcd.o)
                0x00000000080082e8                HAL_HCD_Stop
 .text.I2C_WaitOnTXISFlagUntilTimeout
                0x0000000008008310       0xb8 ../../libDaisy//build/libdaisy.a(stm32h7xx_hal_i2c.o)
 .text.I2C_WaitOnSTOPFlagUntilTimeout
                0x00000000080083c8       0xac ../../libDaisy//build/libdaisy.a(stm32h7xx_hal_i2c.o)
 .text.HAL_I2C_Init
                0x0000000008008474       0xac ../../libDaisy//build/libdaisy.a(stm32h7xx_hal_i2c.o)
                0x0000000008008474                HAL_I2C_Init
 .text.HAL_I2C_Master_Transmit
                0x0000000008008520      0x1a8 ../../libDaisy//build/libdaisy.a(stm32h7xx_hal_i2c.o)
                0x0000000008008520                HAL_I2C_Master_Transmit
 .text.HAL_I2C_Slave_Transmit
                0x00000000080086c8      0x1c8 ../../libDaisy//build/libdaisy.a(stm32h7xx_hal_i2c.o)
                0x00000000080086c8                HAL_I2C_Slave_Transmit
 .text.HAL_I2C_Master_Transmit_DMA
                0x0000000008008890      0x174 ../../libDaisy//build/libdaisy.a(stm32h7xx_hal_i2c.o)
                0x0000000008008890                HAL_I2C_Master_Transmit_DMA
 .text.HAL_I2C_Master_Receive_DMA
                0x0000000008008a04      0x170 ../../libDaisy//build/libdaisy.a(stm32h7xx_hal_i2c.o)
                0x0000000008008a04                HAL_I2C_Master_Receive_DMA
 .text.HAL_I2C_Slave_Transmit_DMA
                0x0000000008008b74       0xd8 ../../libDaisy//build/libdaisy.a(stm32h7xx_hal_i2c.o)
                0x0000000008008b74                HAL_I2C_Slave_Transmit_DMA
 .text.HAL_I2C_Slave_Receive_DMA
                0x0000000008008c4c       0xdc ../../libDaisy//build/libdaisy.a(stm32h7xx_hal_i2c.o)
                0x0000000008008c4c                HAL_I2C_Slave_Receive_DMA
 .text.HAL_I2C_EV_IRQHandler
                0x0000000008008d28       0x10 ../../libDaisy//build/libdaisy.a(stm32h7xx_hal_i2c.o)
                0x0000000008008d28                HAL_I2C_EV_IRQHandler
 .text.I2C_DMASlaveTransmitCplt
                0x0000000008008d38       0x90 ../../libDaisy//build/libdaisy.a(stm32h7xx_hal_i2c.o)
 .text.I2C_DMASlaveReceiveCplt
                0x0000000008008dc8       0x94 ../../libDaisy//build/libdaisy.a(stm32h7xx_hal_i2c.o)
 .text.HAL_I2C_AddrCallback
                0x0000000008008e5c        0x4 ../../libDaisy//build/libdaisy.a(stm32h7xx_hal_i2c.o)
                0x0000000008008e5c                HAL_I2C_AddrCallback
 .text.I2C_ITAddrCplt.part.0
                0x0000000008008e60       0x64 ../../libDaisy//build/libdaisy.a(stm32h7xx_hal_i2c.o)
 .text.HAL_I2C_ListenCpltCallback
                0x0000000008008ec4        0x4 ../../libDaisy//build/libdaisy.a(stm32h7xx_hal_i2c.o)
                0x0000000008008ec4                HAL_I2C_ListenCpltCallback
 .text.HAL_I2C_MemTxCpltCallback
                0x0000000008008ec8        0x4 ../../libDaisy//build/libdaisy.a(stm32h7xx_hal_i2c.o)
                0x0000000008008ec8                HAL_I2C_MemTxCpltCallback
 .text.HAL_I2C_MemRxCpltCallback
                0x0000000008008ecc        0x4 ../../libDaisy//build/libdaisy.a(stm32h7xx_hal_i2c.o)
                0x0000000008008ecc                HAL_I2C_MemRxCpltCallback
 .text.HAL_I2C_AbortCpltCallback
                0x0000000008008ed0        0x4 ../../libDaisy//build/libdaisy.a(stm32h7xx_hal_i2c.o)
                0x0000000008008ed0                HAL_I2C_AbortCpltCallback
 .text.I2C_ITError
                0x0000000008008ed4      0x114 ../../libDaisy//build/libdaisy.a(stm32h7xx_hal_i2c.o)
 .text.I2C_ITSlaveCplt
                0x0000000008008fe8      0x1d8 ../../libDaisy//build/libdaisy.a(stm32h7xx_hal_i2c.o)
 .text.I2C_Slave_ISR_IT
                0x00000000080091c0      0x324 ../../libDaisy//build/libdaisy.a(stm32h7xx_hal_i2c.o)
 .text.I2C_ITMasterCplt
                0x00000000080094e4       0xe8 ../../libDaisy//build/libdaisy.a(stm32h7xx_hal_i2c.o)
 .text.I2C_Master_ISR_IT
                0x00000000080095cc      0x1f4 ../../libDaisy//build/libdaisy.a(stm32h7xx_hal_i2c.o)
 .text.I2C_Slave_ISR_DMA
                0x00000000080097c0      0x1e4 ../../libDaisy//build/libdaisy.a(stm32h7xx_hal_i2c.o)
 .text.I2C_Master_ISR_DMA
                0x00000000080099a4      0x22c ../../libDaisy//build/libdaisy.a(stm32h7xx_hal_i2c.o)
 .text.I2C_DMAError
                0x0000000008009bd0       0x48 ../../libDaisy//build/libdaisy.a(stm32h7xx_hal_i2c.o)
 .text.I2C_DMAMasterTransmitCplt
                0x0000000008009c18       0x90 ../../libDaisy//build/libdaisy.a(stm32h7xx_hal_i2c.o)
 .text.I2C_DMAMasterReceiveCplt
                0x0000000008009ca8       0x8c ../../libDaisy//build/libdaisy.a(stm32h7xx_hal_i2c.o)
 .text.I2C_DMAAbort
                0x0000000008009d34       0x28 ../../libDaisy//build/libdaisy.a(stm32h7xx_hal_i2c.o)
 .text.HAL_I2C_GetState
                0x0000000008009d5c        0x8 ../../libDaisy//build/libdaisy.a(stm32h7xx_hal_i2c.o)
                0x0000000008009d5c                HAL_I2C_GetState
 .text.HAL_I2CEx_ConfigAnalogFilter
                0x0000000008009d64       0x54 ../../libDaisy//build/libdaisy.a(stm32h7xx_hal_i2c_ex.o)
                0x0000000008009d64                HAL_I2CEx_ConfigAnalogFilter
 .text.HAL_I2CEx_ConfigDigitalFilter
                0x0000000008009db8       0x58 ../../libDaisy//build/libdaisy.a(stm32h7xx_hal_i2c_ex.o)
                0x0000000008009db8                HAL_I2CEx_ConfigDigitalFilter
 .text.HAL_PCD_IRQHandler
                0x0000000008009e10      0x69c ../../libDaisy//build/libdaisy.a(stm32h7xx_hal_pcd.o)
                0x0000000008009e10                HAL_PCD_IRQHandler
 .text.HAL_PCD_SetAddress
                0x000000000800a4ac       0x2c ../../libDaisy//build/libdaisy.a(stm32h7xx_hal_pcd.o)
                0x000000000800a4ac                HAL_PCD_SetAddress
 .text.HAL_PCD_EP_Open
                0x000000000800a4d8       0x7c ../../libDaisy//build/libdaisy.a(stm32h7xx_hal_pcd.o)
                0x000000000800a4d8                HAL_PCD_EP_Open
 .text.HAL_PCD_EP_Receive
                0x000000000800a554       0x50 ../../libDaisy//build/libdaisy.a(stm32h7xx_hal_pcd.o)
                0x000000000800a554                HAL_PCD_EP_Receive
 .text.HAL_PCD_EP_Transmit
                0x000000000800a5a4       0x50 ../../libDaisy//build/libdaisy.a(stm32h7xx_hal_pcd.o)
                0x000000000800a5a4                HAL_PCD_EP_Transmit
 .text.HAL_PCD_EP_SetStall
                0x000000000800a5f4       0x88 ../../libDaisy//build/libdaisy.a(stm32h7xx_hal_pcd.o)
                0x000000000800a5f4                HAL_PCD_EP_SetStall
 .text.HAL_PCD_EP_ClrStall
                0x000000000800a67c       0x78 ../../libDaisy//build/libdaisy.a(stm32h7xx_hal_pcd.o)
                0x000000000800a67c                HAL_PCD_EP_ClrStall
 .text.HAL_PCDEx_LPM_Callback
                0x000000000800a6f4        0x4 ../../libDaisy//build/libdaisy.a(stm32h7xx_hal_pcd_ex.o)
                0x000000000800a6f4                HAL_PCDEx_LPM_Callback
 .text.HAL_PWREx_ConfigSupply
                0x000000000800a6f8       0x4c ../../libDaisy//build/libdaisy.a(stm32h7xx_hal_pwr_ex.o)
                0x000000000800a6f8                HAL_PWREx_ConfigSupply
 .text.HAL_PWREx_EnableUSBVoltageDetector
                0x000000000800a744       0x10 ../../libDaisy//build/libdaisy.a(stm32h7xx_hal_pwr_ex.o)
                0x000000000800a744                HAL_PWREx_EnableUSBVoltageDetector
 .text.QSPI_Config
                0x000000000800a754      0x174 ../../libDaisy//build/libdaisy.a(stm32h7xx_hal_qspi.o)
 .text.HAL_QSPI_Init
                0x000000000800a8c8       0xd8 ../../libDaisy//build/libdaisy.a(stm32h7xx_hal_qspi.o)
                0x000000000800a8c8                HAL_QSPI_Init
 .text.HAL_QSPI_DeInit
                0x000000000800a9a0       0x3c ../../libDaisy//build/libdaisy.a(stm32h7xx_hal_qspi.o)
                0x000000000800a9a0                HAL_QSPI_DeInit
 .text.HAL_QSPI_Command
                0x000000000800a9dc       0xd4 ../../libDaisy//build/libdaisy.a(stm32h7xx_hal_qspi.o)
                0x000000000800a9dc                HAL_QSPI_Command
 .text.HAL_QSPI_Transmit
                0x000000000800aab0       0xfc ../../libDaisy//build/libdaisy.a(stm32h7xx_hal_qspi.o)
                0x000000000800aab0                HAL_QSPI_Transmit
 .text.HAL_QSPI_Receive
                0x000000000800abac      0x108 ../../libDaisy//build/libdaisy.a(stm32h7xx_hal_qspi.o)
                0x000000000800abac                HAL_QSPI_Receive
 .text.HAL_QSPI_AutoPolling
                0x000000000800acb4       0xf0 ../../libDaisy//build/libdaisy.a(stm32h7xx_hal_qspi.o)
                0x000000000800acb4                HAL_QSPI_AutoPolling
 .text.HAL_QSPI_MemoryMapped
                0x000000000800ada4       0xc0 ../../libDaisy//build/libdaisy.a(stm32h7xx_hal_qspi.o)
                0x000000000800ada4                HAL_QSPI_MemoryMapped
 .text.HAL_QSPI_ErrorCallback
                0x000000000800ae64        0x4 ../../libDaisy//build/libdaisy.a(stm32h7xx_hal_qspi.o)
                0x000000000800ae64                HAL_QSPI_ErrorCallback
 .text.QSPI_DMAAbortCplt
                0x000000000800ae68       0x38 ../../libDaisy//build/libdaisy.a(stm32h7xx_hal_qspi.o)
 .text.HAL_QSPI_AbortCpltCallback
                0x000000000800aea0        0x4 ../../libDaisy//build/libdaisy.a(stm32h7xx_hal_qspi.o)
                0x000000000800aea0                HAL_QSPI_AbortCpltCallback
 .text.HAL_QSPI_CmdCpltCallback
                0x000000000800aea4        0x4 ../../libDaisy//build/libdaisy.a(stm32h7xx_hal_qspi.o)
                0x000000000800aea4                HAL_QSPI_CmdCpltCallback
 .text.HAL_QSPI_RxCpltCallback
                0x000000000800aea8        0x4 ../../libDaisy//build/libdaisy.a(stm32h7xx_hal_qspi.o)
                0x000000000800aea8                HAL_QSPI_RxCpltCallback
 .text.HAL_QSPI_TxCpltCallback
                0x000000000800aeac        0x4 ../../libDaisy//build/libdaisy.a(stm32h7xx_hal_qspi.o)
                0x000000000800aeac                HAL_QSPI_TxCpltCallback
 .text.HAL_QSPI_FifoThresholdCallback
                0x000000000800aeb0        0x4 ../../libDaisy//build/libdaisy.a(stm32h7xx_hal_qspi.o)
                0x000000000800aeb0                HAL_QSPI_FifoThresholdCallback
 .text.HAL_QSPI_StatusMatchCallback
                0x000000000800aeb4        0x4 ../../libDaisy//build/libdaisy.a(stm32h7xx_hal_qspi.o)
                0x000000000800aeb4                HAL_QSPI_StatusMatchCallback
 .text.HAL_QSPI_TimeOutCallback
                0x000000000800aeb8        0x4 ../../libDaisy//build/libdaisy.a(stm32h7xx_hal_qspi.o)
                0x000000000800aeb8                HAL_QSPI_TimeOutCallback
 .text.HAL_QSPI_IRQHandler
                0x000000000800aebc      0x210 ../../libDaisy//build/libdaisy.a(stm32h7xx_hal_qspi.o)
                0x000000000800aebc                HAL_QSPI_IRQHandler
 .text.HAL_RCC_OscConfig
                0x000000000800b0cc      0x51c ../../libDaisy//build/libdaisy.a(stm32h7xx_hal_rcc.o)
                0x000000000800b0cc                HAL_RCC_OscConfig
 .text.HAL_RCC_GetSysClockFreq
                0x000000000800b5e8      0x140 ../../libDaisy//build/libdaisy.a(stm32h7xx_hal_rcc.o)
                0x000000000800b5e8                HAL_RCC_GetSysClockFreq
 .text.HAL_RCC_ClockConfig
                0x000000000800b728      0x234 ../../libDaisy//build/libdaisy.a(stm32h7xx_hal_rcc.o)
                0x000000000800b728                HAL_RCC_ClockConfig
 .text.HAL_RCC_GetHCLKFreq
                0x000000000800b95c       0x2c ../../libDaisy//build/libdaisy.a(stm32h7xx_hal_rcc.o)
                0x000000000800b95c                HAL_RCC_GetHCLKFreq
 .text.HAL_RCC_GetPCLK1Freq
                0x000000000800b988       0x38 ../../libDaisy//build/libdaisy.a(stm32h7xx_hal_rcc.o)
                0x000000000800b988                HAL_RCC_GetPCLK1Freq
 .text.HAL_RCC_GetPCLK2Freq
                0x000000000800b9c0       0x38 ../../libDaisy//build/libdaisy.a(stm32h7xx_hal_rcc.o)
                0x000000000800b9c0                HAL_RCC_GetPCLK2Freq
 .text.RCCEx_PLL2_Config
                0x000000000800b9f8       0xf4 ../../libDaisy//build/libdaisy.a(stm32h7xx_hal_rcc_ex.o)
 .text.RCCEx_PLL3_Config
                0x000000000800baec       0xf4 ../../libDaisy//build/libdaisy.a(stm32h7xx_hal_rcc_ex.o)
 .text.HAL_RCCEx_PeriphCLKConfig
                0x000000000800bbe0      0xa7c ../../libDaisy//build/libdaisy.a(stm32h7xx_hal_rcc_ex.o)
                0x000000000800bbe0                HAL_RCCEx_PeriphCLKConfig
 .text.HAL_RCCEx_GetD3PCLK1Freq
                0x000000000800c65c       0x24 ../../libDaisy//build/libdaisy.a(stm32h7xx_hal_rcc_ex.o)
                0x000000000800c65c                HAL_RCCEx_GetD3PCLK1Freq
 .text.HAL_RCCEx_GetPLL2ClockFreq
                0x000000000800c680      0x17c ../../libDaisy//build/libdaisy.a(stm32h7xx_hal_rcc_ex.o)
                0x000000000800c680                HAL_RCCEx_GetPLL2ClockFreq
 .text.HAL_RCCEx_GetPLL3ClockFreq
                0x000000000800c7fc      0x17c ../../libDaisy//build/libdaisy.a(stm32h7xx_hal_rcc_ex.o)
                0x000000000800c7fc                HAL_RCCEx_GetPLL3ClockFreq
 .text.HAL_RCCEx_GetPLL1ClockFreq
                0x000000000800c978      0x17c ../../libDaisy//build/libdaisy.a(stm32h7xx_hal_rcc_ex.o)
                0x000000000800c978                HAL_RCCEx_GetPLL1ClockFreq
 .text.HAL_RCCEx_GetPeriphCLKFreq
                0x000000000800caf4      0x198 ../../libDaisy//build/libdaisy.a(stm32h7xx_hal_rcc_ex.o)
                0x000000000800caf4                HAL_RCCEx_GetPeriphCLKFreq
 .text.HAL_RCCEx_GetD1SysClockFreq
                0x000000000800cc8c       0x2c ../../libDaisy//build/libdaisy.a(stm32h7xx_hal_rcc_ex.o)
                0x000000000800cc8c                HAL_RCCEx_GetD1SysClockFreq
 .text.HAL_SAI_Init.part.0
                0x000000000800ccb8      0x348 ../../libDaisy//build/libdaisy.a(stm32h7xx_hal_sai.o)
 .text.HAL_SAI_InitProtocol
                0x000000000800d000      0x178 ../../libDaisy//build/libdaisy.a(stm32h7xx_hal_sai.o)
                0x000000000800d000                HAL_SAI_InitProtocol
 .text.HAL_SAI_Transmit_DMA
                0x000000000800d178      0x124 ../../libDaisy//build/libdaisy.a(stm32h7xx_hal_sai.o)
                0x000000000800d178                HAL_SAI_Transmit_DMA
 .text.HAL_SAI_Receive_DMA
                0x000000000800d29c       0xd0 ../../libDaisy//build/libdaisy.a(stm32h7xx_hal_sai.o)
                0x000000000800d29c                HAL_SAI_Receive_DMA
 .text.HAL_SAI_TxCpltCallback
                0x000000000800d36c        0x4 ../../libDaisy//build/libdaisy.a(stm32h7xx_hal_sai.o)
                0x000000000800d36c                HAL_SAI_TxCpltCallback
 .text.SAI_DMATxCplt
                0x000000000800d370       0x64 ../../libDaisy//build/libdaisy.a(stm32h7xx_hal_sai.o)
 .text.HAL_SAI_TxHalfCpltCallback
                0x000000000800d3d4        0x4 ../../libDaisy//build/libdaisy.a(stm32h7xx_hal_sai.o)
                0x000000000800d3d4                HAL_SAI_TxHalfCpltCallback
 .text.SAI_DMATxHalfCplt
                0x000000000800d3d8        0xc ../../libDaisy//build/libdaisy.a(stm32h7xx_hal_sai.o)
 .text.SAI_DMARxCplt
                0x000000000800d3e4       0x64 ../../libDaisy//build/libdaisy.a(stm32h7xx_hal_sai.o)
 .text.SAI_DMARxHalfCplt
                0x000000000800d448        0xc ../../libDaisy//build/libdaisy.a(stm32h7xx_hal_sai.o)
 .text.HAL_SAI_ErrorCallback
                0x000000000800d454        0x4 ../../libDaisy//build/libdaisy.a(stm32h7xx_hal_sai.o)
                0x000000000800d454                HAL_SAI_ErrorCallback
 .text.SAI_DMAError
                0x000000000800d458       0x6c ../../libDaisy//build/libdaisy.a(stm32h7xx_hal_sai.o)
 .text.HAL_SDRAM_Init
                0x000000000800d4c4       0x54 ../../libDaisy//build/libdaisy.a(stm32h7xx_hal_sdram.o)
                0x000000000800d4c4                HAL_SDRAM_Init
 .text.HAL_SDRAM_SendCommand
                0x000000000800d518       0x40 ../../libDaisy//build/libdaisy.a(stm32h7xx_hal_sdram.o)
                0x000000000800d518                HAL_SDRAM_SendCommand
 .text.HAL_SDRAM_ProgramRefreshRate
                0x000000000800d558       0x30 ../../libDaisy//build/libdaisy.a(stm32h7xx_hal_sdram.o)
                0x000000000800d558                HAL_SDRAM_ProgramRefreshRate
 .text.FMC_SDRAM_Init
                0x000000000800d588       0x7c ../../libDaisy//build/libdaisy.a(stm32h7xx_ll_fmc.o)
                0x000000000800d588                FMC_SDRAM_Init
 .text.FMC_SDRAM_Timing_Init
                0x000000000800d604       0x98 ../../libDaisy//build/libdaisy.a(stm32h7xx_ll_fmc.o)
                0x000000000800d604                FMC_SDRAM_Timing_Init
 .text.FMC_SDRAM_SendCommand
                0x000000000800d69c       0x28 ../../libDaisy//build/libdaisy.a(stm32h7xx_ll_fmc.o)
                0x000000000800d69c                FMC_SDRAM_SendCommand
 .text.FMC_SDRAM_ProgramRefreshRate
                0x000000000800d6c4       0x1c ../../libDaisy//build/libdaisy.a(stm32h7xx_ll_fmc.o)
                0x000000000800d6c4                FMC_SDRAM_ProgramRefreshRate
 .text.USB_SetTurnaroundTime
                0x000000000800d6e0      0x104 ../../libDaisy//build/libdaisy.a(stm32h7xx_ll_usb.o)
                0x000000000800d6e0                USB_SetTurnaroundTime
 .text.USB_FlushTxFifo
                0x000000000800d7e4       0x34 ../../libDaisy//build/libdaisy.a(stm32h7xx_ll_usb.o)
                0x000000000800d7e4                USB_FlushTxFifo
 .text.USB_GetDevSpeed
                0x000000000800d818       0x24 ../../libDaisy//build/libdaisy.a(stm32h7xx_ll_usb.o)
                0x000000000800d818                USB_GetDevSpeed
 .text.USB_ActivateEndpoint
                0x000000000800d83c       0x90 ../../libDaisy//build/libdaisy.a(stm32h7xx_ll_usb.o)
                0x000000000800d83c                USB_ActivateEndpoint
 .text.USB_EPStartXfer
                0x000000000800d8cc      0x230 ../../libDaisy//build/libdaisy.a(stm32h7xx_ll_usb.o)
                0x000000000800d8cc                USB_EPStartXfer
 .text.USB_EP0StartXfer
                0x000000000800dafc      0x174 ../../libDaisy//build/libdaisy.a(stm32h7xx_ll_usb.o)
                0x000000000800dafc                USB_EP0StartXfer
 .text.USB_WritePacket
                0x000000000800dc70       0x2c ../../libDaisy//build/libdaisy.a(stm32h7xx_ll_usb.o)
                0x000000000800dc70                USB_WritePacket
 .text.USB_ReadPacket
                0x000000000800dc9c       0x20 ../../libDaisy//build/libdaisy.a(stm32h7xx_ll_usb.o)
                0x000000000800dc9c                USB_ReadPacket
 .text.USB_EPSetStall
                0x000000000800dcbc       0x68 ../../libDaisy//build/libdaisy.a(stm32h7xx_ll_usb.o)
                0x000000000800dcbc                USB_EPSetStall
 .text.USB_EPClearStall
                0x000000000800dd24       0x58 ../../libDaisy//build/libdaisy.a(stm32h7xx_ll_usb.o)
                0x000000000800dd24                USB_EPClearStall
 .text.USB_SetDevAddress
                0x000000000800dd7c       0x24 ../../libDaisy//build/libdaisy.a(stm32h7xx_ll_usb.o)
                0x000000000800dd7c                USB_SetDevAddress
 .text.USB_ReadInterrupts
                0x000000000800dda0       0x14 ../../libDaisy//build/libdaisy.a(stm32h7xx_ll_usb.o)
                0x000000000800dda0                USB_ReadInterrupts
 .text.USB_ReadDevAllOutEpInterrupt
                0x000000000800ddb4       0x1c ../../libDaisy//build/libdaisy.a(stm32h7xx_ll_usb.o)
                0x000000000800ddb4                USB_ReadDevAllOutEpInterrupt
 .text.USB_ReadDevAllInEpInterrupt
                0x000000000800ddd0       0x1c ../../libDaisy//build/libdaisy.a(stm32h7xx_ll_usb.o)
                0x000000000800ddd0                USB_ReadDevAllInEpInterrupt
 .text.USB_ReadDevOutEPInterrupt
                0x000000000800ddec       0x1c ../../libDaisy//build/libdaisy.a(stm32h7xx_ll_usb.o)
                0x000000000800ddec                USB_ReadDevOutEPInterrupt
 .text.USB_ReadDevInEPInterrupt
                0x000000000800de08       0x38 ../../libDaisy//build/libdaisy.a(stm32h7xx_ll_usb.o)
                0x000000000800de08                USB_ReadDevInEPInterrupt
 .text.USB_GetMode
                0x000000000800de40        0x8 ../../libDaisy//build/libdaisy.a(stm32h7xx_ll_usb.o)
                0x000000000800de40                USB_GetMode
 .text.USB_ActivateSetup
                0x000000000800de48       0x38 ../../libDaisy//build/libdaisy.a(stm32h7xx_ll_usb.o)
                0x000000000800de48                USB_ActivateSetup
 .text.USB_EP0_OutStart
                0x000000000800de80       0x58 ../../libDaisy//build/libdaisy.a(stm32h7xx_ll_usb.o)
                0x000000000800de80                USB_EP0_OutStart
 .text.USB_InitFSLSPClkSel
                0x000000000800ded8       0x44 ../../libDaisy//build/libdaisy.a(stm32h7xx_ll_usb.o)
                0x000000000800ded8                USB_InitFSLSPClkSel
 .text.USB_HC_ReadInterrupt
                0x000000000800df1c        0x8 ../../libDaisy//build/libdaisy.a(stm32h7xx_ll_usb.o)
                0x000000000800df1c                USB_HC_ReadInterrupt
 .text.USB_HC_Halt
                0x000000000800df24       0xc0 ../../libDaisy//build/libdaisy.a(stm32h7xx_ll_usb.o)
                0x000000000800df24                USB_HC_Halt
 .text.USB_StopHost
                0x000000000800dfe4      0x2ec ../../libDaisy//build/libdaisy.a(stm32h7xx_ll_usb.o)
                0x000000000800dfe4                USB_StopHost
 .text.USBD_SetClassConfig
                0x000000000800e2d0       0x14 ../../libDaisy//build/libdaisy.a(usbd_core.o)
                0x000000000800e2d0                USBD_SetClassConfig
 .text.USBD_ClrClassConfig
                0x000000000800e2e4       0x10 ../../libDaisy//build/libdaisy.a(usbd_core.o)
                0x000000000800e2e4                USBD_ClrClassConfig
 .text.USBD_LL_SetupStage
                0x000000000800e2f4       0x5c ../../libDaisy//build/libdaisy.a(usbd_core.o)
                0x000000000800e2f4                USBD_LL_SetupStage
 .text.USBD_LL_DataOutStage
                0x000000000800e350       0x7c ../../libDaisy//build/libdaisy.a(usbd_core.o)
                0x000000000800e350                USBD_LL_DataOutStage
 .text.USBD_LL_DataInStage
                0x000000000800e3cc       0xcc ../../libDaisy//build/libdaisy.a(usbd_core.o)
                0x000000000800e3cc                USBD_LL_DataInStage
 .text.USBD_LL_Reset
                0x000000000800e498       0x50 ../../libDaisy//build/libdaisy.a(usbd_core.o)
                0x000000000800e498                USBD_LL_Reset
 .text.USBD_LL_SetSpeed
                0x000000000800e4e8        0x8 ../../libDaisy//build/libdaisy.a(usbd_core.o)
                0x000000000800e4e8                USBD_LL_SetSpeed
 .text.USBD_LL_Suspend
                0x000000000800e4f0       0x14 ../../libDaisy//build/libdaisy.a(usbd_core.o)
                0x000000000800e4f0                USBD_LL_Suspend
 .text.USBD_LL_Resume
                0x000000000800e504       0x10 ../../libDaisy//build/libdaisy.a(usbd_core.o)
                0x000000000800e504                USBD_LL_Resume
 .text.USBD_LL_SOF
                0x000000000800e514       0x1c ../../libDaisy//build/libdaisy.a(usbd_core.o)
                0x000000000800e514                USBD_LL_SOF
 .text.USBD_LL_IsoINIncomplete
                0x000000000800e530        0x4 ../../libDaisy//build/libdaisy.a(usbd_core.o)
                0x000000000800e530                USBD_LL_IsoINIncomplete
 .text.USBD_LL_IsoOUTIncomplete
                0x000000000800e534        0x4 ../../libDaisy//build/libdaisy.a(usbd_core.o)
                0x000000000800e534                USBD_LL_IsoOUTIncomplete
 .text.USBD_LL_DevConnected
                0x000000000800e538        0x4 ../../libDaisy//build/libdaisy.a(usbd_core.o)
                0x000000000800e538                USBD_LL_DevConnected
 .text.USBD_LL_DevDisconnected
                0x000000000800e53c       0x18 ../../libDaisy//build/libdaisy.a(usbd_core.o)
                0x000000000800e53c                USBD_LL_DevDisconnected
 .text.USBD_StdDevReq
                0x000000000800e554      0x304 ../../libDaisy//build/libdaisy.a(usbd_ctlreq.o)
                0x000000000800e554                USBD_StdDevReq
 .text.USBD_StdItfReq
                0x000000000800e858       0x68 ../../libDaisy//build/libdaisy.a(usbd_ctlreq.o)
                0x000000000800e858                USBD_StdItfReq
 .text.USBD_StdEPReq
                0x000000000800e8c0      0x13c ../../libDaisy//build/libdaisy.a(usbd_ctlreq.o)
                0x000000000800e8c0                USBD_StdEPReq
 .text.USBD_ParseSetupRequest
                0x000000000800e9fc       0x28 ../../libDaisy//build/libdaisy.a(usbd_ctlreq.o)
                0x000000000800e9fc                USBD_ParseSetupRequest
 .text.USBD_CtlSendData
                0x000000000800ea24       0x1c ../../libDaisy//build/libdaisy.a(usbd_ioreq.o)
                0x000000000800ea24                USBD_CtlSendData
 .text.USBD_CtlContinueSendData
                0x000000000800ea40       0x14 ../../libDaisy//build/libdaisy.a(usbd_ioreq.o)
                0x000000000800ea40                USBD_CtlContinueSendData
 .text.USBD_CtlContinueRx
                0x000000000800ea54       0x14 ../../libDaisy//build/libdaisy.a(usbd_ioreq.o)
                0x000000000800ea54                USBD_CtlContinueRx
 .text.USBD_CtlSendStatus
                0x000000000800ea68       0x18 ../../libDaisy//build/libdaisy.a(usbd_ioreq.o)
                0x000000000800ea68                USBD_CtlSendStatus
 .text.USBD_CtlReceiveStatus
                0x000000000800ea80       0x18 ../../libDaisy//build/libdaisy.a(usbd_ioreq.o)
                0x000000000800ea80                USBD_CtlReceiveStatus
 .text.USBH_LL_IncTimer
                0x000000000800ea98       0x20 ../../libDaisy//build/libdaisy.a(usbh_core.o)
                0x000000000800ea98                USBH_LL_IncTimer
 .text.USBH_LL_PortEnabled
                0x000000000800eab8        0x8 ../../libDaisy//build/libdaisy.a(usbh_core.o)
                0x000000000800eab8                USBH_LL_PortEnabled
 .text.USBH_LL_PortDisabled
                0x000000000800eac0        0x8 ../../libDaisy//build/libdaisy.a(usbh_core.o)
                0x000000000800eac0                USBH_LL_PortDisabled
 .text.USBH_LL_Connect
                0x000000000800eac8       0x18 ../../libDaisy//build/libdaisy.a(usbh_core.o)
                0x000000000800eac8                USBH_LL_Connect
 .text.USBH_LL_Disconnect
                0x000000000800eae0       0x2c ../../libDaisy//build/libdaisy.a(usbh_core.o)
                0x000000000800eae0                USBH_LL_Disconnect
 .text.USBH_FreePipe
                0x000000000800eb0c       0x18 ../../libDaisy//build/libdaisy.a(usbh_pipes.o)
                0x000000000800eb0c                USBH_FreePipe
 .text._ZN5daisy6Random4InitEv
                0x000000000800eb24       0x3c ../../libDaisy//build/libdaisy.a(rng.o)
                0x000000000800eb24                daisy::Random::Init()
 .text._ZN5daisy9SpiHandle4Impl7InitDmaEv
                0x000000000800eb60       0xec ../../libDaisy//build/libdaisy.a(spi.o)
                0x000000000800eb60                daisy::SpiHandle::Impl::InitDma()
 .text._ZN5daisy9SpiHandle4Impl10StartDmaTxEPhjPFvPvEPFvS3_NS0_6ResultEES3_
                0x000000000800ec4c       0xc8 ../../libDaisy//build/libdaisy.a(spi.o)
                0x000000000800ec4c                daisy::SpiHandle::Impl::StartDmaTx(unsigned char*, unsigned int, void (*)(void*), void (*)(void*, daisy::SpiHandle::Result), void*)
 .text._ZN5daisy9SpiHandle4Impl10StartDmaRxEPhjPFvPvEPFvS3_NS0_6ResultEES3_
                0x000000000800ed14       0xc8 ../../libDaisy//build/libdaisy.a(spi.o)
                0x000000000800ed14                daisy::SpiHandle::Impl::StartDmaRx(unsigned char*, unsigned int, void (*)(void*), void (*)(void*, daisy::SpiHandle::Result), void*)
 .text._ZN5daisy9SpiHandle4Impl12StartDmaRxTxEPhS2_jPFvPvEPFvS3_NS0_6ResultEES3_
                0x000000000800eddc       0xcc ../../libDaisy//build/libdaisy.a(spi.o)
                0x000000000800eddc                daisy::SpiHandle::Impl::StartDmaRxTx(unsigned char*, unsigned char*, unsigned int, void (*)(void*), void (*)(void*, daisy::SpiHandle::Result), void*)
 .text._ZN5daisy9SpiHandle4Impl8InitPinsEv
                0x000000000800eea8      0x274 ../../libDaisy//build/libdaisy.a(spi.o)
                0x000000000800eea8                daisy::SpiHandle::Impl::InitPins()
 .text.HAL_SPI_MspInit
                0x000000000800f11c      0x1a8 ../../libDaisy//build/libdaisy.a(spi.o)
                0x000000000800f11c                HAL_SPI_MspInit
 .text.dsy_spi_global_init
                0x000000000800f2c4       0x80 ../../libDaisy//build/libdaisy.a(spi.o)
                0x000000000800f2c4                dsy_spi_global_init
 .text.SPI1_IRQHandler
                0x000000000800f344        0xc ../../libDaisy//build/libdaisy.a(spi.o)
                0x000000000800f344                SPI1_IRQHandler
 .text.SPI2_IRQHandler
                0x000000000800f350        0xc ../../libDaisy//build/libdaisy.a(spi.o)
                0x000000000800f350                SPI2_IRQHandler
 .text.SPI3_IRQHandler
                0x000000000800f35c        0xc ../../libDaisy//build/libdaisy.a(spi.o)
                0x000000000800f35c                SPI3_IRQHandler
 .text.SPI4_IRQHandler
                0x000000000800f368        0xc ../../libDaisy//build/libdaisy.a(spi.o)
                0x000000000800f368                SPI4_IRQHandler
 .text.SPI5_IRQHandler
                0x000000000800f374        0xc ../../libDaisy//build/libdaisy.a(spi.o)
                0x000000000800f374                SPI5_IRQHandler
 .text.DMA2_Stream2_IRQHandler
                0x000000000800f380       0x34 ../../libDaisy//build/libdaisy.a(spi.o)
                0x000000000800f380                DMA2_Stream2_IRQHandler
 .text.DMA2_Stream3_IRQHandler
                0x000000000800f3b4       0x38 ../../libDaisy//build/libdaisy.a(spi.o)
                0x000000000800f3b4                DMA2_Stream3_IRQHandler
 .text.HAL_SPI_TxCpltCallback
                0x000000000800f3ec       0xc4 ../../libDaisy//build/libdaisy.a(spi.o)
                0x000000000800f3ec                HAL_SPI_TxCpltCallback
 .text.HAL_SPI_RxCpltCallback
                0x000000000800f4b0       0xc4 ../../libDaisy//build/libdaisy.a(spi.o)
                0x000000000800f4b0                HAL_SPI_RxCpltCallback
 .text.HAL_SPI_TxRxCpltCallback
                0x000000000800f574       0xc4 ../../libDaisy//build/libdaisy.a(spi.o)
                0x000000000800f574                HAL_SPI_TxRxCpltCallback
 .text.HAL_SPI_ErrorCallback
                0x000000000800f638       0xc8 ../../libDaisy//build/libdaisy.a(spi.o)
                0x000000000800f638                HAL_SPI_ErrorCallback
 .text.startup._GLOBAL__sub_I__Z19MapInstanceToHandleP11SPI_TypeDef
                0x000000000800f700      0x1b0 ../../libDaisy//build/libdaisy.a(spi.o)
 .text.HAL_TIM_Base_MspInit
                0x000000000800f8b0      0x1e0 ../../libDaisy//build/libdaisy.a(tim.o)
                0x000000000800f8b0                HAL_TIM_Base_MspInit
 .text.HAL_TIM_PeriodElapsedCallback
                0x000000000800fa90       0x44 ../../libDaisy//build/libdaisy.a(tim.o)
                0x000000000800fa90                HAL_TIM_PeriodElapsedCallback
 .text.TIM2_IRQHandler
                0x000000000800fad4        0xc ../../libDaisy//build/libdaisy.a(tim.o)
                0x000000000800fad4                TIM2_IRQHandler
 .text.TIM3_IRQHandler
                0x000000000800fae0        0xc ../../libDaisy//build/libdaisy.a(tim.o)
                0x000000000800fae0                TIM3_IRQHandler
 .text.TIM4_IRQHandler
                0x000000000800faec        0xc ../../libDaisy//build/libdaisy.a(tim.o)
                0x000000000800faec                TIM4_IRQHandler
 .text.TIM5_IRQHandler
                0x000000000800faf8        0xc ../../libDaisy//build/libdaisy.a(tim.o)
                0x000000000800faf8                TIM5_IRQHandler
 .text._ZN5daisy11TimerHandle4InitERKNS0_6ConfigE
                0x000000000800fb04       0xd0 ../../libDaisy//build/libdaisy.a(tim.o)
                0x000000000800fb04                daisy::TimerHandle::Init(daisy::TimerHandle::Config const&)
 .text._ZN5daisy11TimerHandle5StartEv
                0x000000000800fbd4       0x24 ../../libDaisy//build/libdaisy.a(tim.o)
                0x000000000800fbd4                daisy::TimerHandle::Start()
 .text.startup._GLOBAL__sub_I__ZN5daisy11TimerHandle4Impl4InitERKNS0_6ConfigE
                0x000000000800fbf8       0x38 ../../libDaisy//build/libdaisy.a(tim.o)
 .text._ZN5daisy11UartHandler4Impl7InitDmaEbb
                0x000000000800fc30      0x164 ../../libDaisy//build/libdaisy.a(uart.o)
                0x000000000800fc30                daisy::UartHandler::Impl::InitDma(bool, bool)
 .text._ZN5daisy11UartHandler4Impl10HandleFifoEv
                0x000000000800fd94       0xec ../../libDaisy//build/libdaisy.a(uart.o)
                0x000000000800fd94                daisy::UartHandler::Impl::HandleFifo()
 .text._ZN5daisy11UartHandler4Impl10StartDmaTxEPhjPFvPvEPFvS3_NS0_6ResultEES3_
                0x000000000800fe80       0xcc ../../libDaisy//build/libdaisy.a(uart.o)
                0x000000000800fe80                daisy::UartHandler::Impl::StartDmaTx(unsigned char*, unsigned int, void (*)(void*), void (*)(void*, daisy::UartHandler::Result), void*)
 .text._ZN5daisy11UartHandler4Impl10StartDmaRxEPhjPFvPvEPFvS3_NS0_6ResultEES3_
                0x000000000800ff4c       0xcc ../../libDaisy//build/libdaisy.a(uart.o)
                0x000000000800ff4c                daisy::UartHandler::Impl::StartDmaRx(unsigned char*, unsigned int, void (*)(void*), void (*)(void*, daisy::UartHandler::Result), void*)
 .text._ZN5daisy11UartHandler4Impl19DmaTransferFinishedEP20__UART_HandleTypeDefNS0_6ResultE
                0x0000000008010018       0xc0 ../../libDaisy//build/libdaisy.a(uart.o)
                0x0000000008010018                daisy::UartHandler::Impl::DmaTransferFinished(__UART_HandleTypeDef*, daisy::UartHandler::Result)
 .text._ZN5daisy11UartHandler4Impl8InitPinsEv
                0x00000000080100d8      0x150 ../../libDaisy//build/libdaisy.a(uart.o)
                0x00000000080100d8                daisy::UartHandler::Impl::InitPins()
 .text.HAL_UART_MspInit
                0x0000000008010228      0x210 ../../libDaisy//build/libdaisy.a(uart.o)
                0x0000000008010228                HAL_UART_MspInit
 .text.dsy_uart_global_init
                0x0000000008010438       0xfc ../../libDaisy//build/libdaisy.a(uart.o)
                0x0000000008010438                dsy_uart_global_init
 .text.USART1_IRQHandler
                0x0000000008010534       0x30 ../../libDaisy//build/libdaisy.a(uart.o)
                0x0000000008010534                USART1_IRQHandler
 .text.USART2_IRQHandler
                0x0000000008010564       0x34 ../../libDaisy//build/libdaisy.a(uart.o)
                0x0000000008010564                USART2_IRQHandler
 .text.USART3_IRQHandler
                0x0000000008010598       0x34 ../../libDaisy//build/libdaisy.a(uart.o)
                0x0000000008010598                USART3_IRQHandler
 .text.UART4_IRQHandler
                0x00000000080105cc       0x34 ../../libDaisy//build/libdaisy.a(uart.o)
                0x00000000080105cc                UART4_IRQHandler
 .text.UART5_IRQHandler
                0x0000000008010600       0x34 ../../libDaisy//build/libdaisy.a(uart.o)
                0x0000000008010600                UART5_IRQHandler
 .text.USART6_IRQHandler
                0x0000000008010634       0x34 ../../libDaisy//build/libdaisy.a(uart.o)
                0x0000000008010634                USART6_IRQHandler
 .text.UART7_IRQHandler
                0x0000000008010668       0x30 ../../libDaisy//build/libdaisy.a(uart.o)
                0x0000000008010668                UART7_IRQHandler
 .text.UART8_IRQHandler
                0x0000000008010698       0x34 ../../libDaisy//build/libdaisy.a(uart.o)
                0x0000000008010698                UART8_IRQHandler
 .text.LPUART1_IRQHandler
                0x00000000080106cc       0x34 ../../libDaisy//build/libdaisy.a(uart.o)
                0x00000000080106cc                LPUART1_IRQHandler
 .text.DMA1_Stream5_IRQHandler
                0x0000000008010700       0x34 ../../libDaisy//build/libdaisy.a(uart.o)
                0x0000000008010700                DMA1_Stream5_IRQHandler
 .text.DMA2_Stream4_IRQHandler
                0x0000000008010734       0x34 ../../libDaisy//build/libdaisy.a(uart.o)
                0x0000000008010734                DMA2_Stream4_IRQHandler
 .text.HAL_UART_TxCpltCallback
                0x0000000008010768        0x8 ../../libDaisy//build/libdaisy.a(uart.o)
                0x0000000008010768                HAL_UART_TxCpltCallback
 .text.HAL_UART_RxCpltCallback
                0x0000000008010770        0x8 ../../libDaisy//build/libdaisy.a(uart.o)
                0x0000000008010770                HAL_UART_RxCpltCallback
 .text.HAL_UART_ErrorCallback
                0x0000000008010778        0x8 ../../libDaisy//build/libdaisy.a(uart.o)
                0x0000000008010778                HAL_UART_ErrorCallback
 .text.startup._GLOBAL__sub_I__Z19MapInstanceToHandleP13USART_TypeDef
                0x0000000008010780      0x190 ../../libDaisy//build/libdaisy.a(uart.o)
 .text.dsy_dma_init
                0x0000000008010910      0x100 ../../libDaisy//build/libdaisy.a(dma.o)
                0x0000000008010910                dsy_dma_init
 .text.HAL_MDMA_Abort_IT
                0x0000000008010a10       0x2c ../../libDaisy//build/libdaisy.a(stm32h7xx_hal_mdma.o)
                0x0000000008010a10                HAL_MDMA_Abort_IT
 .text.SPI_CloseTransfer
                0x0000000008010a3c       0xb8 ../../libDaisy//build/libdaisy.a(stm32h7xx_hal_spi.o)
 .text.HAL_SPI_Init